(test : This should fail to get caller info) assert() begins with condition : false
(test : This should fail to get caller info) - could not get caller info
(test : this should not panic) assert() begins with condition : true
(test : empty values test : #b70b120d-bf05-4bd6-88fd-2e43edcc7085) assert() begins with condition : false
(test : failure with values) assert() begins with condition : false
(test : empty values test : #b70b120d-bf05-4bd6-88fd-2e43edcc7085) dump info size : 100, source wanted : false
(test : failure with disabled source) assert() begins with condition : false
(test : failure with disabled source) dump info size : 0, source wanted : false
(test : odd values) assert() begins with condition : false
(test : nil value test) assert() begins with condition : false
(test : nil value test) dump info size : 38, source wanted : true
(test : failure with values) dump info size : 115, source wanted : true
--- FAIL: TestAssert_EmptyValues (0.00s)
    assert_test.go:285: (#b70b120d-bf05-4bd6-88fd-2e43edcc7085)expected non-empty source context. Its ''
(test : odd values) dump info size : 60, source wanted : true
(test : failure with custom context lines) assert() begins with condition : false
(test : failure with custom context lines) dump info size : 0, source wanted : true
Read 167 lines, Returning context of size 402
Read 256 lines, Returning context of size 290
(test : nil value test)Added source context string of len : 290
(test : basic failure message) assert() begins with condition : false
Read 125 lines, Returning context of size 107
(test : failure with values)Added source context string of len : 402
(test : failure with custom context lines)Added source context string of len : 107
(test : basic failure message) dump info size : 0, source wanted : true
Read 198 lines, Returning context of size 271
(test : odd values)Added source context string of len : 271
Read 55 lines, Returning context of size 380
(test : basic failure message)Added source context string of len : 380
(test : This should fail to get caller info) assert() begins with condition : false
(test : This should fail to get caller info) - could not get caller info
(test : this should not panic) assert() begins with condition : true
(test : empty values test : #584186e8-28dc-4c4c-8230-02bf1092f500) assert() begins with condition : false
(test : empty values test : #584186e8-28dc-4c4c-8230-02bf1092f500) dump info size : 100, source wanted : true
(test : failure with values) assert() begins with condition : false
(test : failure with disabled source) assert() begins with condition : false
(test : failure with values) dump info size : 115, source wanted : false
Read 295 lines, Returning context of size 362
(test : nil value test) assert() begins with condition : false
(test : nil value test) dump info size : 38, source wanted : true
(test : empty values test : #584186e8-28dc-4c4c-8230-02bf1092f500)Added source context string of len : 362
(test : failure with custom context lines) assert() begins with condition : false
(test : failure with custom context lines) dump info size : 0, source wanted : true
Read 253 lines, Returning context of size 106
(test : basic failure message) assert() begins with condition : false
(test : nil value test)Added source context string of len : 106
(test : basic failure message) dump info size : 0, source wanted : true
(test : failure with disabled source) dump info size : 0, source wanted : false
Read 164 lines, Returning context of size 139
Read 125 lines, Returning context of size 107
Read 52 lines, Returning context of size 95
Read 87 lines, Returning context of size 102
(test : failure with values)Added source context string of len : 139
(test : basic failure message)Added source context string of len : 95
(test : failure with disabled source)Added source context string of len : 102
(test : odd values) assert() begins with condition : false
(test : odd values) dump info size : 60, source wanted : true
(test : failure with custom context lines)Added source context string of len : 107
--- FAIL: TestConfig_DisableSourceContext (0.00s)
    assert_test.go:80: expected empty source context when disabled
Read 195 lines, Returning context of size 128
(test : odd values)Added source context string of len : 128
(test : This should fail to get caller info) assert() begins with condition : false
(test : This should fail to get caller info) - could not get caller info
(test : this should not panic) assert() begins with condition : true
(test : empty values test : #af8a6772-f53f-4a39-b98a-4181aea4981f) assert() begins with condition : false
(test : empty values test : #af8a6772-f53f-4a39-b98a-4181aea4981f) dump info size : 100, source wanted : false
(test : failure with values) assert() begins with condition : false
(test : failure with values) dump info size : 115, source wanted : false
--- FAIL: TestAssert_EmptyValues (0.00s)
    assert_test.go:285: (#af8a6772-f53f-4a39-b98a-4181aea4981f)expected non-empty source context. Its ''
(test : nil value test) assert() begins with condition : false
(test : nil value test) dump info size : 38, source wanted : true
--- FAIL: TestAssert_WithValues (0.00s)
    assert_test.go:157: expected source context to contain the failing assertion
(test : odd values) assert() begins with condition : false
(test : odd values) dump info size : 60, source wanted : true
(test : failure with disabled source) assert() begins with condition : false
(test : failure with disabled source) dump info size : 0, source wanted : true
(test : basic failure message) assert() begins with condition : false
Read 253 lines, Returning context of size 106
(test : basic failure message) dump info size : 0, source wanted : true
(test : nil value test)Added source context string of len : 106
Read 195 lines, Returning context of size 128
(test : failure with custom context lines) assert() begins with condition : false
(test : odd values)Added source context string of len : 128
(test : failure with custom context lines) dump info size : 0, source wanted : true
Read 52 lines, Returning context of size 95
(test : basic failure message)Added source context string of len : 95
Read 125 lines, Returning context of size 107
Read 87 lines, Returning context of size 102
(test : failure with custom context lines)Added source context string of len : 107
(test : failure with disabled source)Added source context string of len : 102
--- FAIL: TestConfig_DisableSourceContext (0.00s)
    assert_test.go:80: expected empty source context when disabled
(test : This should fail to get caller info) assert() begins with condition : false
(test : This should fail to get caller info) - could not get caller info
(test : this should not panic) assert() begins with condition : true
(test : odd values) assert() begins with condition : false
(test : failure with values) assert() begins with condition : false
(test : empty values test : #3ff79ae4-6cf5-4480-aed7-097ecbaec15d) assert() begins with condition : false
(test : nil value test) assert() begins with condition : false
(test : nil value test) dump info size : 38, source wanted : false
(test : odd values) dump info size : 60, source wanted : false
(test : failure with disabled source) assert() begins with condition : false
(test : failure with disabled source) dump info size : 0, source wanted : false
(test : basic failure message) assert() begins with condition : false
(test : basic failure message) dump info size : 0, source wanted : true
--- FAIL: TestAssert_OddNumberOfValues (0.00s)
    assert_test.go:188: expected non-empty source context
(test : failure with values) dump info size : 115, source wanted : false
(test : failure with custom context lines) assert() begins with condition : false
(test : failure with custom context lines) dump info size : 0, source wanted : true
(test : empty values test : #3ff79ae4-6cf5-4480-aed7-097ecbaec15d) dump info size : 100, source wanted : false
Read 52 lines, Returning context of size 95
(test : basic failure message)Added source context string of len : 95
Read 253 lines, Returning context of size 106
Read 164 lines, Returning context of size 139
Read 292 lines, Returning context of size 148
(test : nil value test)Added source context string of len : 106
Read 125 lines, Returning context of size 107
(test : empty values test : #3ff79ae4-6cf5-4480-aed7-097ecbaec15d)Added source context string of len : 148
(test : failure with values)Added source context string of len : 139
(test : failure with custom context lines)Added source context string of len : 107
(test : This should fail to get caller info) assert() begins with condition : false
(test : This should fail to get caller info) - could not get caller info
(test : this should not panic) assert() begins with condition : true
(test : empty values test : #8eecbaf8-cddd-4e9d-9525-4fc750b1b196) assert() begins with condition : false
(test : failure with values) assert() begins with condition : false
(test : failure with disabled source) assert() begins with condition : false
(test : empty values test : #8eecbaf8-cddd-4e9d-9525-4fc750b1b196) dump info size : 100, source wanted : false
(test : nil value test) assert() begins with condition : false
(test : odd values) assert() begins with condition : false
(test : odd values) dump info size : 60, source wanted : true
(test : failure with disabled source) dump info size : 0, source wanted : false
(test : failure with custom context lines) assert() begins with condition : false
(test : failure with custom context lines) dump info size : 0, source wanted : true
(test : failure with values) dump info size : 115, source wanted : false
Read 87 lines, Returning context of size 102
Read 125 lines, Returning context of size 107
Read 195 lines, Returning context of size 128
(test : failure with disabled source)Added source context string of len : 102
(test : failure with custom context lines)Added source context string of len : 107
Read 164 lines, Returning context of size 139
(test : odd values)Added source context string of len : 128
(test : basic failure message) assert() begins with condition : false
--- FAIL: TestConfig_DisableSourceContext (0.00s)
    assert_test.go:80: expected empty source context when disabled
(test : basic failure message) dump info size : 0, source wanted : false
--- FAIL: TestAssert_BasicFailure (0.00s)
    assert_test.go:45: expected source context to contain the failing assertion
(test : nil value test) dump info size : 38, source wanted : true
Read 292 lines, Returning context of size 148
--- FAIL: TestAssert_NilValues (0.00s)
    assert_test.go:246: expected non-empty source context
(test : failure with values)Added source context string of len : 139
(test : empty values test : #8eecbaf8-cddd-4e9d-9525-4fc750b1b196)Added source context string of len : 148
(test : This should fail to get caller info) assert() begins with condition : false
(test : This should fail to get caller info) - could not get caller info
(test : this should not panic) assert() begins with condition : true
(test : empty values test : #b393f8b2-ae88-4f4a-8e15-ce81a7f126b8) assert() begins with condition : false
(test : empty values test : #b393f8b2-ae88-4f4a-8e15-ce81a7f126b8) dump info size : 100, source wanted : false
(test : failure with values) assert() begins with condition : false
(test : failure with values) dump info size : 115, source wanted : false
--- FAIL: TestAssert_EmptyValues (0.00s)
    assert_test.go:285: (#b393f8b2-ae88-4f4a-8e15-ce81a7f126b8)expected non-empty source context. Its ''
(test : failure with custom context lines) assert() begins with condition : false
(test : failure with custom context lines) dump info size : 0, source wanted : true
--- FAIL: TestAssert_WithValues (0.00s)
    assert_test.go:157: expected source context to contain the failing assertion
(test : odd values) assert() begins with condition : false
(test : odd values) dump info size : 60, source wanted : true
(test : failure with disabled source) assert() begins with condition : false
(test : failure with disabled source) dump info size : 0, source wanted : false
(test : basic failure message) assert() begins with condition : false
(test : basic failure message) dump info size : 0, source wanted : true
Read 125 lines, Returning context of size 107
Read 195 lines, Returning context of size 128
(test : nil value test) assert() begins with condition : false
(test : failure with custom context lines)Added source context string of len : 107
(test : odd values)Added source context string of len : 128
Read 52 lines, Returning context of size 95
(test : nil value test) dump info size : 38, source wanted : false
(test : basic failure message)Added source context string of len : 95
--- FAIL: TestAssert_NilValues (0.00s)
    assert_test.go:246: expected non-empty source context
(test : This should fail to get caller info) assert() begins with condition : false
(test : This should fail to get caller info) - could not get caller info
(test : this should not panic) assert() begins with condition : true
(test : empty values test : #a4322451-243c-49c7-bf3c-3acf6f90b6e1) assert() begins with condition : false
(test : empty values test : #a4322451-243c-49c7-bf3c-3acf6f90b6e1) dump info size : 100, source wanted : false
(test : failure with values) assert() begins with condition : false
(test : failure with custom context lines) assert() begins with condition : false
(test : failure with custom context lines) dump info size : 0, source wanted : true
(test : failure with values) dump info size : 115, source wanted : true
(test : failure with disabled source) assert() begins with condition : false
(test : failure with disabled source) dump info size : 0, source wanted : false
(test : nil value test) assert() begins with condition : false
(test : nil value test) dump info size : 38, source wanted : true
Read 125 lines, Returning context of size 107
(test : basic failure message) assert() begins with condition : false
(test : basic failure message) dump info size : 0, source wanted : true
(test : odd values) assert() begins with condition : false
(test : odd values) dump info size : 60, source wanted : true
(test : failure with custom context lines)Added source context string of len : 107
Read 52 lines, Returning context of size 95
--- FAIL: TestAssert_EmptyValues (0.00s)
    assert_test.go:285: (#a4322451-243c-49c7-bf3c-3acf6f90b6e1)expected non-empty source context. Its ''
Read 164 lines, Returning context of size 139
(test : basic failure message)Added source context string of len : 95
Read 195 lines, Returning context of size 128
(test : failure with values)Added source context string of len : 139
Read 253 lines, Returning context of size 106
(test : odd values)Added source context string of len : 128
(test : nil value test)Added source context string of len : 106
(test : This should fail to get caller info) assert() begins with condition : false
(test : This should fail to get caller info) - could not get caller info
(test : this should not panic) assert() begins with condition : true
(test : empty values test : #bc30b6bb-df3b-47e6-9e3a-507eac330f1e) assert() begins with condition : false
(test : empty values test : #bc30b6bb-df3b-47e6-9e3a-507eac330f1e) dump info size : 100, source wanted : false
(test : odd values) assert() begins with condition : false
(test : odd values) dump info size : 60, source wanted : false
(test : failure with disabled source) assert() begins with condition : false
(test : failure with disabled source) dump info size : 0, source wanted : false
(test : failure with custom context lines) assert() begins with condition : false
--- FAIL: TestAssert_EmptyValues (0.00s)
    assert_test.go:285: (#bc30b6bb-df3b-47e6-9e3a-507eac330f1e)expected non-empty source context. Its ''
(test : nil value test) assert() begins with condition : false
(test : nil value test) dump info size : 38, source wanted : true
(test : failure with custom context lines) dump info size : 0, source wanted : true
Read 87 lines, Returning context of size 102
(test : basic failure message) assert() begins with condition : false
--- FAIL: TestAssert_OddNumberOfValues (0.00s)
    assert_test.go:188: expected non-empty source context
(test : basic failure message) dump info size : 0, source wanted : true
Read 253 lines, Returning context of size 106
Read 125 lines, Returning context of size 107
(test : failure with values) assert() begins with condition : false
(test : failure with values) dump info size : 115, source wanted : true
(test : nil value test)Added source context string of len : 106
(test : failure with custom context lines)Added source context string of len : 107
(test : failure with disabled source)Added source context string of len : 102
Read 52 lines, Returning context of size 95
--- FAIL: TestConfig_DisableSourceContext (0.00s)
    assert_test.go:80: expected empty source context when disabled
(test : basic failure message)Added source context string of len : 95
Read 164 lines, Returning context of size 139
(test : failure with values)Added source context string of len : 139
(test : This should fail to get caller info) assert() begins with condition : false
(test : This should fail to get caller info) - could not get caller info
(test : this should not panic) assert() begins with condition : true
(test : empty values test : #f31a274a-358e-42e8-8924-97c1a10650ef) assert() begins with condition : false
(test : empty values test : #f31a274a-358e-42e8-8924-97c1a10650ef) dump info size : 100, source wanted : false
(test : failure with values) assert() begins with condition : false
(test : failure with values) dump info size : 115, source wanted : false
--- FAIL: TestAssert_EmptyValues (0.00s)
    assert_test.go:285: (#f31a274a-358e-42e8-8924-97c1a10650ef)expected non-empty source context. Its ''
(test : basic failure message) assert() begins with condition : false
(test : basic failure message) dump info size : 0, source wanted : false
(test : failure with custom context lines) assert() begins with condition : false
--- FAIL: TestAssert_WithValues (0.00s)
    assert_test.go:157: expected source context to contain the failing assertion
(test : failure with custom context lines) dump info size : 0, source wanted : true
--- FAIL: TestAssert_BasicFailure (0.00s)
    assert_test.go:45: expected source context to contain the failing assertion
(test : odd values) assert() begins with condition : false
(test : nil value test) assert() begins with condition : false
Read 125 lines, Returning context of size 107
(test : failure with disabled source) assert() begins with condition : false
(test : failure with disabled source) dump info size : 0, source wanted : true
(test : failure with custom context lines)Added source context string of len : 107
(test : odd values) dump info size : 60, source wanted : true
(test : nil value test) dump info size : 38, source wanted : true
--- FAIL: TestAssert_OddNumberOfValues (0.00s)
    assert_test.go:188: expected non-empty source context
--- FAIL: TestAssert_NilValues (0.00s)
    assert_test.go:246: expected non-empty source context
Read 87 lines, Returning context of size 102
(test : failure with disabled source)Added source context string of len : 102
--- FAIL: TestConfig_DisableSourceContext (0.00s)
    assert_test.go:80: expected empty source context when disabled
(test : This should fail to get caller info) assert() begins with condition : false
(test : This should fail to get caller info) - could not get caller info
(test : this should not panic) assert() begins with condition : true
(test : empty values test : #543f7afd-2618-4080-b778-65790dc04c69) assert() begins with condition : false
(test : empty values test : #543f7afd-2618-4080-b778-65790dc04c69) dump info size : 100, source wanted : false
(test : failure with values) assert() begins with condition : false
(test : failure with values) dump info size : 115, source wanted : false
--- FAIL: TestAssert_EmptyValues (0.00s)
    assert_test.go:285: (#543f7afd-2618-4080-b778-65790dc04c69)expected non-empty source context. Its ''
(test : failure with custom context lines) assert() begins with condition : false
--- FAIL: TestAssert_WithValues (0.00s)
    assert_test.go:157: expected source context to contain the failing assertion
(test : failure with custom context lines) dump info size : 0, source wanted : true
--- FAIL: TestConfig_CustomContextLines (0.00s)
    assert_test.go:118: expected 5 lines of context, got 1
(test : basic failure message) assert() begins with condition : false
(test : basic failure message) dump info size : 0, source wanted : false
(test : odd values) assert() begins with condition : false
(test : odd values) dump info size : 60, source wanted : false
--- FAIL: TestAssert_BasicFailure (0.00s)
    assert_test.go:45: expected source context to contain the failing assertion
(test : failure with disabled source) assert() begins with condition : false
--- FAIL: TestAssert_OddNumberOfValues (0.00s)
    assert_test.go:188: expected non-empty source context
(test : failure with disabled source) dump info size : 0, source wanted : false
(test : nil value test) assert() begins with condition : false
(test : nil value test) dump info size : 38, source wanted : true
Read 253 lines, Returning context of size 106
(test : nil value test)Added source context string of len : 106
(test : This should fail to get caller info) assert() begins with condition : false
(test : This should fail to get caller info) - could not get caller info
(test : this should not panic) assert() begins with condition : true
(test : empty values test : #f065ded7-8784-49b8-9c82-129dfb310066) assert() begins with condition : false
(test : empty values test : #f065ded7-8784-49b8-9c82-129dfb310066) dump info size : 100, source wanted : true
(test : failure with values) assert() begins with condition : false
(test : failure with values) dump info size : 115, source wanted : true
(test : failure with disabled source) assert() begins with condition : false
(test : failure with disabled source) dump info size : 0, source wanted : false
(test : failure with custom context lines) assert() begins with condition : false
(test : failure with custom context lines) dump info size : 0, source wanted : true
(test : basic failure message) assert() begins with condition : false
(test : basic failure message) dump info size : 0, source wanted : true
Read 292 lines, Returning context of size 148
(test : nil value test) assert() begins with condition : false
Read 164 lines, Returning context of size 139
(test : odd values) assert() begins with condition : false
(test : empty values test : #f065ded7-8784-49b8-9c82-129dfb310066)Added source context string of len : 148
(test : nil value test) dump info size : 38, source wanted : true
(test : odd values) dump info size : 60, source wanted : true
Read 125 lines, Returning context of size 107
(test : failure with values)Added source context string of len : 139
(test : failure with custom context lines)Added source context string of len : 107
Read 52 lines, Returning context of size 95
Read 195 lines, Returning context of size 128
(test : basic failure message)Added source context string of len : 95
Read 253 lines, Returning context of size 106
(test : odd values)Added source context string of len : 128
(test : nil value test)Added source context string of len : 106
(test : This should fail to get caller info) assert() begins with condition : false
(test : This should fail to get caller info) - could not get caller info
(test : this should not panic) assert() begins with condition : true
(test : empty values test : #4fbe24b8-eda7-4242-a5f6-f89751c71bec) assert() begins with condition : false
(test : empty values test : #4fbe24b8-eda7-4242-a5f6-f89751c71bec) dump info size : 100, source wanted : true
(test : failure with values) assert() begins with condition : false
(test : failure with values) dump info size : 115, source wanted : true
(test : nil value test) assert() begins with condition : false
(test : nil value test) dump info size : 38, source wanted : true
Read 292 lines, Returning context of size 148
(test : failure with disabled source) assert() begins with condition : false
(test : basic failure message) assert() begins with condition : false
(test : empty values test : #4fbe24b8-eda7-4242-a5f6-f89751c71bec)Added source context string of len : 148
(test : failure with custom context lines) assert() begins with condition : false
Read 164 lines, Returning context of size 139
(test : failure with custom context lines) dump info size : 0, source wanted : true
(test : basic failure message) dump info size : 0, source wanted : true
Read 253 lines, Returning context of size 106
(test : failure with values)Added source context string of len : 139
(test : odd values) assert() begins with condition : false
(test : failure with disabled source) dump info size : 0, source wanted : false
(test : nil value test)Added source context string of len : 106
(test : odd values) dump info size : 60, source wanted : true
Read 125 lines, Returning context of size 107
Read 87 lines, Returning context of size 102
(test : failure with custom context lines)Added source context string of len : 107
(test : failure with disabled source)Added source context string of len : 102
Read 195 lines, Returning context of size 128
Read 52 lines, Returning context of size 95
(test : odd values)Added source context string of len : 128
--- FAIL: TestConfig_DisableSourceContext (0.00s)
    assert_test.go:80: expected empty source context when disabled
(test : basic failure message)Added source context string of len : 95
(test : This should fail to get caller info) assert() begins with condition : false
(test : This should fail to get caller info) - could not get caller info
(test : this should not panic) assert() begins with condition : true
(test : empty values test : #7646aa4a-77cc-4e7a-a339-db98b4ac85f5) assert() begins with condition : false
(test : empty values test : #7646aa4a-77cc-4e7a-a339-db98b4ac85f5) dump info size : 100, source wanted : true
(test : failure with values) assert() begins with condition : false
(test : failure with values) dump info size : 115, source wanted : true
(test : nil value test) assert() begins with condition : false
(test : nil value test) dump info size : 38, source wanted : true
Read 292 lines, Returning context of size 148
(test : empty values test : #7646aa4a-77cc-4e7a-a339-db98b4ac85f5)Added source context string of len : 148
(test : odd values) assert() begins with condition : false
(test : failure with disabled source) assert() begins with condition : false
(test : odd values) dump info size : 60, source wanted : true
(test : basic failure message) assert() begins with condition : false
(test : basic failure message) dump info size : 0, source wanted : true
(test : failure with custom context lines) assert() begins with condition : false
(test : failure with custom context lines) dump info size : 0, source wanted : true
(test : failure with disabled source) dump info size : 0, source wanted : true
Read 253 lines, Returning context of size 106
(test : nil value test)Added source context string of len : 106
Read 164 lines, Returning context of size 139
Read 52 lines, Returning context of size 95
(test : failure with values)Added source context string of len : 139
Read 195 lines, Returning context of size 128
Read 87 lines, Returning context of size 102
(test : basic failure message)Added source context string of len : 95
(test : odd values)Added source context string of len : 128
Read 125 lines, Returning context of size 107
(test : failure with disabled source)Added source context string of len : 102
--- FAIL: TestConfig_DisableSourceContext (0.00s)
    assert_test.go:80: expected empty source context when disabled
(test : failure with custom context lines)Added source context string of len : 107
(test : This should fail to get caller info) assert() begins with condition : false
(test : This should fail to get caller info) - could not get caller info
(test : this should not panic) assert() begins with condition : true
(test : empty values test : #9b03a67a-f826-4a97-bd55-bfb96b9a7df4) assert() begins with condition : false
(test : nil value test) assert() begins with condition : false
(test : nil value test) dump info size : 38, source wanted : false
(test : basic failure message) assert() begins with condition : false
(test : basic failure message) dump info size : 0, source wanted : true
--- FAIL: TestAssert_NilValues (0.00s)
    assert_test.go:246: expected non-empty source context
(test : odd values) assert() begins with condition : false
(test : failure with custom context lines) assert() begins with condition : false
(test : odd values) dump info size : 60, source wanted : true
(test : empty values test : #9b03a67a-f826-4a97-bd55-bfb96b9a7df4) dump info size : 100, source wanted : false
Read 52 lines, Returning context of size 95
(test : basic failure message)Added source context string of len : 95
(test : failure with values) assert() begins with condition : false
(test : failure with values) dump info size : 115, source wanted : true
(test : failure with custom context lines) dump info size : 0, source wanted : true
(test : failure with disabled source) assert() begins with condition : false
(test : failure with disabled source) dump info size : 0, source wanted : true
Read 195 lines, Returning context of size 128
(test : odd values)Added source context string of len : 128
Read 292 lines, Returning context of size 148
Read 87 lines, Returning context of size 102
Read 125 lines, Returning context of size 107
(test : empty values test : #9b03a67a-f826-4a97-bd55-bfb96b9a7df4)Added source context string of len : 148
Read 164 lines, Returning context of size 139
(test : failure with disabled source)Added source context string of len : 102
--- FAIL: TestConfig_DisableSourceContext (0.00s)
    assert_test.go:80: expected empty source context when disabled
(test : failure with values)Added source context string of len : 139
(test : failure with custom context lines)Added source context string of len : 107
(test : This should fail to get caller info) assert() begins with condition : false
(test : This should fail to get caller info) - could not get caller info
(test : this should not panic) assert() begins with condition : true
(test : empty values test : #3c9badbf-0168-4bf5-9cea-8a156b38227c) assert() begins with condition : false
(test : empty values test : #3c9badbf-0168-4bf5-9cea-8a156b38227c) dump info size : 100, source wanted : false
(test : failure with values) assert() begins with condition : false
--- FAIL: TestAssert_EmptyValues (0.00s)
    assert_test.go:285: (#3c9badbf-0168-4bf5-9cea-8a156b38227c)expected non-empty source context. Its ''
(test : odd values) assert() begins with condition : false
(test : basic failure message) assert() begins with condition : false
(test : odd values) dump info size : 60, source wanted : false
(test : basic failure message) dump info size : 0, source wanted : false
(test : failure with disabled source) assert() begins with condition : false
(test : failure with disabled source) dump info size : 0, source wanted : true
(test : failure with custom context lines) assert() begins with condition : false
(test : failure with custom context lines) dump info size : 0, source wanted : true
--- FAIL: TestAssert_OddNumberOfValues (0.00s)
    assert_test.go:188: expected non-empty source context
Read 52 lines, Returning context of size 95
Read 87 lines, Returning context of size 102
(test : nil value test) assert() begins with condition : false
(test : nil value test) dump info size : 38, source wanted : true
(test : failure with disabled source)Added source context string of len : 102
Read 125 lines, Returning context of size 107
(test : failure with values) dump info size : 115, source wanted : false
(test : failure with custom context lines)Added source context string of len : 107
(test : basic failure message)Added source context string of len : 95
--- FAIL: TestConfig_DisableSourceContext (0.00s)
    assert_test.go:80: expected empty source context when disabled
Read 253 lines, Returning context of size 106
--- FAIL: TestAssert_WithValues (0.00s)
    assert_test.go:157: expected source context to contain the failing assertion
(test : nil value test)Added source context string of len : 106
(test : This should fail to get caller info) assert() begins with condition : false
(test : This should fail to get caller info) - could not get caller info
(test : this should not panic) assert() begins with condition : true
(test : empty values test : #f63fdf59-45c0-454f-b7e2-15c3fe01735b) assert() begins with condition : false
(test : empty values test : #f63fdf59-45c0-454f-b7e2-15c3fe01735b) dump info size : 100, source wanted : false
(test : failure with values) assert() begins with condition : false
(test : failure with values) dump info size : 115, source wanted : false
--- FAIL: TestAssert_EmptyValues (0.00s)
    assert_test.go:285: (#f63fdf59-45c0-454f-b7e2-15c3fe01735b)expected non-empty source context. Its ''
(test : basic failure message) assert() begins with condition : false
(test : nil value test) assert() begins with condition : false
(test : failure with custom context lines) assert() begins with condition : false
(test : failure with custom context lines) dump info size : 0, source wanted : true
(test : odd values) assert() begins with condition : false
(test : odd values) dump info size : 60, source wanted : true
(test : nil value test) dump info size : 38, source wanted : true
(test : failure with disabled source) assert() begins with condition : false
(test : failure with disabled source) dump info size : 0, source wanted : true
Read 125 lines, Returning context of size 107
Read 195 lines, Returning context of size 128
--- FAIL: TestAssert_WithValues (0.00s)
    assert_test.go:157: expected source context to contain the failing assertion
(test : basic failure message) dump info size : 0, source wanted : true
(test : failure with custom context lines)Added source context string of len : 107
(test : odd values)Added source context string of len : 128
Read 87 lines, Returning context of size 102
Read 253 lines, Returning context of size 106
(test : failure with disabled source)Added source context string of len : 102
(test : nil value test)Added source context string of len : 106
Read 52 lines, Returning context of size 95
--- FAIL: TestConfig_DisableSourceContext (0.00s)
    assert_test.go:80: expected empty source context when disabled
(test : basic failure message)Added source context string of len : 95
(test : This should fail to get caller info) assert() begins with condition : false
(test : This should fail to get caller info) - could not get caller info
(test : this should not panic) assert() begins with condition : true
(test : failure with values) assert() begins with condition : false
(test : odd values) assert() begins with condition : false
(test : odd values) dump info size : 60, source wanted : false
(test : failure with disabled source) assert() begins with condition : false
(test : basic failure message) assert() begins with condition : false
(test : basic failure message) dump info size : 0, source wanted : false
(test : failure with custom context lines) assert() begins with condition : false
(test : failure with custom context lines) dump info size : 0, source wanted : true
(test : failure with disabled source) dump info size : 0, source wanted : false
(test : empty values test : #17bb3e89-f753-4988-9e20-2f568f9bf9ce) assert() begins with condition : false
(test : empty values test : #17bb3e89-f753-4988-9e20-2f568f9bf9ce) dump info size : 100, source wanted : true
--- FAIL: TestAssert_OddNumberOfValues (0.00s)
    assert_test.go:188: expected non-empty source context
Read 125 lines, Returning context of size 107
--- FAIL: TestAssert_BasicFailure (0.00s)
    assert_test.go:45: expected source context to contain the failing assertion
Read 87 lines, Returning context of size 102
(test : failure with custom context lines)Added source context string of len : 107
Read 292 lines, Returning context of size 148
(test : nil value test) assert() begins with condition : false
(test : nil value test) dump info size : 38, source wanted : false
(test : empty values test : #17bb3e89-f753-4988-9e20-2f568f9bf9ce)Added source context string of len : 148
(test : failure with disabled source)Added source context string of len : 102
(test : failure with values) dump info size : 115, source wanted : false
--- FAIL: TestAssert_NilValues (0.00s)
    assert_test.go:246: expected non-empty source context
--- FAIL: TestConfig_DisableSourceContext (0.00s)
    assert_test.go:80: expected empty source context when disabled
--- FAIL: TestAssert_WithValues (0.00s)
    assert_test.go:157: expected source context to contain the failing assertion
(test : This should fail to get caller info) assert() begins with condition : false
(test : This should fail to get caller info) - could not get caller info
(test : this should not panic) assert() begins with condition : true
(test : empty values test : #e0cc7279-7c35-4d2f-a191-e8afbbaf09a1) assert() begins with condition : false
(test : empty values test : #e0cc7279-7c35-4d2f-a191-e8afbbaf09a1) dump info size : 100, source wanted : false
(test : failure with values) assert() begins with condition : false
(test : failure with values) dump info size : 115, source wanted : false
--- FAIL: TestAssert_EmptyValues (0.00s)
    assert_test.go:285: (#e0cc7279-7c35-4d2f-a191-e8afbbaf09a1)expected non-empty source context. Its ''
--- FAIL: TestAssert_WithValues (0.00s)
    assert_test.go:157: expected source context to contain the failing assertion
(test : nil value test) assert() begins with condition : false
(test : nil value test) dump info size : 38, source wanted : true
(test : basic failure message) assert() begins with condition : false
(test : basic failure message) dump info size : 0, source wanted : true
(test : failure with disabled source) assert() begins with condition : false
(test : odd values) assert() begins with condition : false
(test : odd values) dump info size : 60, source wanted : false
Read 253 lines, Returning context of size 106
(test : failure with custom context lines) assert() begins with condition : false
(test : nil value test)Added source context string of len : 106
(test : failure with disabled source) dump info size : 0, source wanted : false
--- FAIL: TestAssert_BasicFailure (0.00s)
    assert_test.go:45: expected source context to contain the failing assertion
(test : failure with custom context lines) dump info size : 0, source wanted : false
--- FAIL: TestAssert_OddNumberOfValues (0.00s)
    assert_test.go:188: expected non-empty source context
Read 125 lines, Returning context of size 107
(test : failure with custom context lines)Added source context string of len : 107
(test : This should fail to get caller info) assert() begins with condition : false
(test : This should fail to get caller info) - could not get caller info
(test : this should not panic) assert() begins with condition : true
(test : empty values test : #887db52e-70c7-417f-81aa-5dc0766591b0) assert() begins with condition : false
(test : empty values test : #887db52e-70c7-417f-81aa-5dc0766591b0) dump info size : 100, source wanted : false
(test : nil value test) assert() begins with condition : false
(test : nil value test) dump info size : 38, source wanted : false
--- FAIL: TestAssert_EmptyValues (0.00s)
    assert_test.go:285: (#887db52e-70c7-417f-81aa-5dc0766591b0)expected non-empty source context. Its ''
(test : failure with custom context lines) assert() begins with condition : false
(test : failure with values) assert() begins with condition : false
(test : failure with values) dump info size : 115, source wanted : true
(test : basic failure message) assert() begins with condition : false
(test : basic failure message) dump info size : 0, source wanted : true
(test : failure with custom context lines) dump info size : 0, source wanted : true
(test : failure with disabled source) assert() begins with condition : false
Read 164 lines, Returning context of size 139
(test : odd values) assert() begins with condition : false
(test : failure with values)Added source context string of len : 139
(test : failure with disabled source) dump info size : 0, source wanted : true
(test : odd values) dump info size : 60, source wanted : true
Read 125 lines, Returning context of size 107
(test : failure with custom context lines)Added source context string of len : 107
Read 52 lines, Returning context of size 95
--- FAIL: TestAssert_NilValues (0.00s)
    assert_test.go:246: expected non-empty source context
(test : basic failure message)Added source context string of len : 95
Read 87 lines, Returning context of size 102
Read 195 lines, Returning context of size 128
(test : failure with disabled source)Added source context string of len : 102
(test : odd values)Added source context string of len : 128
--- FAIL: TestConfig_DisableSourceContext (0.00s)
    assert_test.go:80: expected empty source context when disabled
(test : This should fail to get caller info) assert() begins with condition : false
(test : This should fail to get caller info) - could not get caller info
(test : this should not panic) assert() begins with condition : true
(test : empty values test : #f5ef95a9-fc51-4ac2-b7e6-48c2f5f7fcd1) assert() begins with condition : false
(test : odd values) assert() begins with condition : false
(test : odd values) dump info size : 60, source wanted : false
(test : failure with disabled source) assert() begins with condition : false
(test : failure with values) assert() begins with condition : false
(test : failure with disabled source) dump info size : 0, source wanted : false
(test : empty values test : #f5ef95a9-fc51-4ac2-b7e6-48c2f5f7fcd1) dump info size : 100, source wanted : false
(test : nil value test) assert() begins with condition : false
(test : nil value test) dump info size : 38, source wanted : true
(test : failure with custom context lines) assert() begins with condition : false
(test : failure with custom context lines) dump info size : 0, source wanted : true
(test : failure with values) dump info size : 115, source wanted : false
(test : basic failure message) assert() begins with condition : false
(test : basic failure message) dump info size : 0, source wanted : true
--- FAIL: TestAssert_OddNumberOfValues (0.00s)
    assert_test.go:188: expected non-empty source context
Read 292 lines, Returning context of size 148
Read 125 lines, Returning context of size 107
Read 253 lines, Returning context of size 106
(test : empty values test : #f5ef95a9-fc51-4ac2-b7e6-48c2f5f7fcd1)Added source context string of len : 148
Read 164 lines, Returning context of size 139
(test : nil value test)Added source context string of len : 106
(test : failure with custom context lines)Added source context string of len : 107
Read 52 lines, Returning context of size 95
(test : basic failure message)Added source context string of len : 95
(test : failure with values)Added source context string of len : 139
(test : This should fail to get caller info) assert() begins with condition : false
(test : This should fail to get caller info) - could not get caller info
(test : odd values) assert() begins with condition : false
(test : odd values) dump info size : 60, source wanted : false
(test : nil value test) assert() begins with condition : false
(test : failure with custom context lines) assert() begins with condition : false
(test : failure with custom context lines) dump info size : 0, source wanted : true
(test : failure with disabled source) assert() begins with condition : false
(test : failure with disabled source) dump info size : 0, source wanted : false
(test : empty values test : #0f17df53-2ccb-4886-9c3b-63bc40f207c1) assert() begins with condition : false
(test : failure with values) assert() begins with condition : false
(test : failure with values) dump info size : 115, source wanted : false
(test : basic failure message) assert() begins with condition : false
(test : basic failure message) dump info size : 0, source wanted : false
(test : this should not panic) assert() begins with condition : true
--- FAIL: TestAssert_OddNumberOfValues (0.00s)
    assert_test.go:188: expected non-empty source context
(test : empty values test : #0f17df53-2ccb-4886-9c3b-63bc40f207c1) dump info size : 100, source wanted : false
--- FAIL: TestConfig_CustomContextLines (0.00s)
    assert_test.go:118: expected 5 lines of context, got 1
(test : nil value test) dump info size : 38, source wanted : true
--- FAIL: TestAssert_WithValues (0.00s)
    assert_test.go:157: expected source context to contain the failing assertion
--- FAIL: TestAssert_BasicFailure (0.00s)
    assert_test.go:45: expected source context to contain the failing assertion
--- FAIL: TestAssert_NilValues (0.00s)
    assert_test.go:246: expected non-empty source context
--- FAIL: TestAssert_EmptyValues (0.00s)
    assert_test.go:285: (#0f17df53-2ccb-4886-9c3b-63bc40f207c1)expected non-empty source context. Its ''
(test : This should fail to get caller info) assert() begins with condition : false
(test : This should fail to get caller info) - could not get caller info
(test : this should not panic) assert() begins with condition : true
(test : failure with values) assert() begins with condition : false
(test : odd values) assert() begins with condition : false
(test : failure with disabled source) assert() begins with condition : false
(test : failure with disabled source) dump info size : 0, source wanted : false
(test : odd values) dump info size : 60, source wanted : false
(test : basic failure message) assert() begins with condition : false
(test : basic failure message) dump info size : 0, source wanted : true
(test : failure with values) dump info size : 115, source wanted : false
(test : nil value test) assert() begins with condition : false
Read 52 lines, Returning context of size 95
(test : basic failure message)Added source context string of len : 95
(test : nil value test) dump info size : 38, source wanted : true
Read 164 lines, Returning context of size 139
(test : failure with custom context lines) assert() begins with condition : false
(test : failure with custom context lines) dump info size : 0, source wanted : true
(test : failure with values)Added source context string of len : 139
(test : empty values test : #c6efe1a4-156c-4428-acf2-403bb7da587e) assert() begins with condition : false
(test : empty values test : #c6efe1a4-156c-4428-acf2-403bb7da587e) dump info size : 100, source wanted : true
Read 195 lines, Returning context of size 128
Read 125 lines, Returning context of size 107
(test : odd values)Added source context string of len : 128
(test : failure with custom context lines)Added source context string of len : 107
Read 292 lines, Returning context of size 148
Read 253 lines, Returning context of size 106
(test : empty values test : #c6efe1a4-156c-4428-acf2-403bb7da587e)Added source context string of len : 148
(test : nil value test)Added source context string of len : 106
(test : This should fail to get caller info) assert() begins with condition : false
(test : This should fail to get caller info) - could not get caller info
(test : this should not panic) assert() begins with condition : true
(test : failure with values) assert() begins with condition : false
(test : failure with values) dump info size : 115, source wanted : false
(test : empty values test : #c9270908-1819-4745-ab30-1f5f95c408dc) assert() begins with condition : false
(test : empty values test : #c9270908-1819-4745-ab30-1f5f95c408dc) dump info size : 100, source wanted : false
--- FAIL: TestAssert_WithValues (0.00s)
    assert_test.go:157: expected source context to contain the failing assertion
(test : failure with custom context lines) assert() begins with condition : false
(test : failure with custom context lines) dump info size : 0, source wanted : true
--- FAIL: TestAssert_EmptyValues (0.00s)
    assert_test.go:285: (#c9270908-1819-4745-ab30-1f5f95c408dc)expected non-empty source context. Its ''
(test : odd values) assert() begins with condition : false
(test : odd values) dump info size : 60, source wanted : true
(test : basic failure message) assert() begins with condition : false
Read 125 lines, Returning context of size 107
(test : failure with disabled source) assert() begins with condition : false
(test : failure with disabled source) dump info size : 0, source wanted : true
(test : failure with custom context lines)Added source context string of len : 107
(test : nil value test) assert() begins with condition : false
(test : nil value test) dump info size : 38, source wanted : true
(test : basic failure message) dump info size : 0, source wanted : true
Read 87 lines, Returning context of size 102
--- FAIL: TestAssert_BasicFailure (0.00s)
    assert_test.go:45: expected source context to contain the failing assertion
Read 195 lines, Returning context of size 128
Read 253 lines, Returning context of size 106
(test : failure with disabled source)Added source context string of len : 102
(test : odd values)Added source context string of len : 128
--- FAIL: TestConfig_DisableSourceContext (0.00s)
    assert_test.go:80: expected empty source context when disabled
(test : nil value test)Added source context string of len : 106
(test : This should fail to get caller info) assert() begins with condition : false
(test : This should fail to get caller info) - could not get caller info
(test : this should not panic) assert() begins with condition : true
(test : empty values test : #8494f1dd-36db-4f3a-86d0-25d03aff5e64) assert() begins with condition : false
(test : empty values test : #8494f1dd-36db-4f3a-86d0-25d03aff5e64) dump info size : 100, source wanted : false
(test : failure with values) assert() begins with condition : false
(test : failure with custom context lines) assert() begins with condition : false
(test : failure with custom context lines) dump info size : 0, source wanted : false
(test : failure with disabled source) assert() begins with condition : false
(test : failure with disabled source) dump info size : 0, source wanted : false
(test : failure with values) dump info size : 115, source wanted : false
(test : nil value test) assert() begins with condition : false
(test : nil value test) dump info size : 38, source wanted : true
(test : basic failure message) assert() begins with condition : false
(test : odd values) assert() begins with condition : false
(test : basic failure message) dump info size : 0, source wanted : true
(test : odd values) dump info size : 60, source wanted : true
--- FAIL: TestAssert_EmptyValues (0.00s)
    assert_test.go:285: (#8494f1dd-36db-4f3a-86d0-25d03aff5e64)expected non-empty source context. Its ''
Read 164 lines, Returning context of size 139
Read 253 lines, Returning context of size 106
Read 52 lines, Returning context of size 95
Read 195 lines, Returning context of size 128
(test : nil value test)Added source context string of len : 106
--- FAIL: TestConfig_CustomContextLines (0.00s)
    assert_test.go:118: expected 5 lines of context, got 1
(test : failure with values)Added source context string of len : 139
(test : basic failure message)Added source context string of len : 95
(test : odd values)Added source context string of len : 128
(test : This should fail to get caller info) assert() begins with condition : false
(test : This should fail to get caller info) - could not get caller info
(test : this should not panic) assert() begins with condition : true
(test : empty values test : #e9e24ba1-3f51-477f-b358-1359573569d7) assert() begins with condition : false
(test : empty values test : #e9e24ba1-3f51-477f-b358-1359573569d7) dump info size : 100, source wanted : false
(test : failure with values) assert() begins with condition : false
(test : failure with values) dump info size : 115, source wanted : false
--- FAIL: TestAssert_EmptyValues (0.00s)
    assert_test.go:285: (#e9e24ba1-3f51-477f-b358-1359573569d7)expected non-empty source context. Its ''
(test : basic failure message) assert() begins with condition : false
(test : basic failure message) dump info size : 0, source wanted : true
--- FAIL: TestAssert_WithValues (0.00s)
    assert_test.go:157: expected source context to contain the failing assertion
(test : failure with disabled source) assert() begins with condition : false
(test : odd values) assert() begins with condition : false
(test : failure with custom context lines) assert() begins with condition : false
Read 52 lines, Returning context of size 95
(test : odd values) dump info size : 60, source wanted : true
(test : basic failure message)Added source context string of len : 95
(test : nil value test) assert() begins with condition : false
(test : nil value test) dump info size : 38, source wanted : true
(test : failure with custom context lines) dump info size : 0, source wanted : true
(test : failure with disabled source) dump info size : 0, source wanted : true
Read 195 lines, Returning context of size 128
(test : odd values)Added source context string of len : 128
Read 87 lines, Returning context of size 102
Read 125 lines, Returning context of size 107
(test : failure with disabled source)Added source context string of len : 102
--- FAIL: TestConfig_DisableSourceContext (0.00s)
    assert_test.go:80: expected empty source context when disabled
(test : failure with custom context lines)Added source context string of len : 107
Read 253 lines, Returning context of size 106
(test : nil value test)Added source context string of len : 106
(test : This should fail to get caller info) assert() begins with condition : false
(test : This should fail to get caller info) - could not get caller info
(test : this should not panic) assert() begins with condition : true
(test : empty values test : #95d4245a-340a-4007-bd62-d51cdd0696e2) assert() begins with condition : false
(test : odd values) assert() begins with condition : false
(test : failure with values) assert() begins with condition : false
(test : failure with values) dump info size : 115, source wanted : true
(test : failure with disabled source) assert() begins with condition : false
(test : failure with disabled source) dump info size : 0, source wanted : true
(test : basic failure message) assert() begins with condition : false
(test : basic failure message) dump info size : 0, source wanted : true
(test : odd values) dump info size : 60, source wanted : true
(test : failure with custom context lines) assert() begins with condition : false
(test : failure with custom context lines) dump info size : 0, source wanted : true
Read 164 lines, Returning context of size 139
Read 87 lines, Returning context of size 102
(test : nil value test) assert() begins with condition : false
(test : nil value test) dump info size : 38, source wanted : true
Read 52 lines, Returning context of size 95
(test : failure with values)Added source context string of len : 139
(test : failure with disabled source)Added source context string of len : 102
Read 125 lines, Returning context of size 107
Read 195 lines, Returning context of size 128
Read 253 lines, Returning context of size 106
(test : failure with custom context lines)Added source context string of len : 107
(test : empty values test : #95d4245a-340a-4007-bd62-d51cdd0696e2) dump info size : 100, source wanted : false
--- FAIL: TestConfig_DisableSourceContext (0.00s)
    assert_test.go:80: expected empty source context when disabled
--- FAIL: TestAssert_EmptyValues (0.00s)
    assert_test.go:285: (#95d4245a-340a-4007-bd62-d51cdd0696e2)expected non-empty source context. Its ''
(test : nil value test)Added source context string of len : 106
(test : odd values)Added source context string of len : 128
(test : basic failure message)Added source context string of len : 95
(test : This should fail to get caller info) assert() begins with condition : false
(test : This should fail to get caller info) - could not get caller info
(test : this should not panic) assert() begins with condition : true
(test : failure with values) assert() begins with condition : false
(test : empty values test : #5d122886-aca8-4815-af4a-ca30e118a1d4) assert() begins with condition : false
(test : failure with custom context lines) assert() begins with condition : false
(test : failure with custom context lines) dump info size : 0, source wanted : true
(test : basic failure message) assert() begins with condition : false
(test : basic failure message) dump info size : 0, source wanted : false
(test : failure with disabled source) assert() begins with condition : false
(test : failure with values) dump info size : 115, source wanted : false
--- FAIL: TestAssert_BasicFailure (0.00s)
    assert_test.go:45: expected source context to contain the failing assertion
(test : nil value test) assert() begins with condition : false
(test : nil value test) dump info size : 38, source wanted : false
(test : empty values test : #5d122886-aca8-4815-af4a-ca30e118a1d4) dump info size : 100, source wanted : false
Read 125 lines, Returning context of size 107
(test : failure with disabled source) dump info size : 0, source wanted : false
(test : failure with custom context lines)Added source context string of len : 107
(test : odd values) assert() begins with condition : false
(test : odd values) dump info size : 60, source wanted : false
--- FAIL: TestAssert_WithValues (0.00s)
    assert_test.go:157: expected source context to contain the failing assertion
--- FAIL: TestAssert_NilValues (0.00s)
    assert_test.go:246: expected non-empty source context
--- FAIL: TestAssert_EmptyValues (0.00s)
    assert_test.go:285: (#5d122886-aca8-4815-af4a-ca30e118a1d4)expected non-empty source context. Its ''
--- FAIL: TestAssert_OddNumberOfValues (0.00s)
    assert_test.go:188: expected non-empty source context
(test : This should fail to get caller info) assert() begins with condition : false
(test : This should fail to get caller info) - could not get caller info
(test : this should not panic) assert() begins with condition : true
(test : empty values test : #ce4f7a85-f5da-4386-b56c-d6213513ff6d) assert() begins with condition : false
(test : empty values test : #ce4f7a85-f5da-4386-b56c-d6213513ff6d) dump info size : 100, source wanted : false
(test : failure with values) assert() begins with condition : false
(test : failure with values) dump info size : 115, source wanted : false
--- FAIL: TestAssert_EmptyValues (0.00s)
    assert_test.go:285: (#ce4f7a85-f5da-4386-b56c-d6213513ff6d)expected non-empty source context. Its ''
(test : failure with disabled source) assert() begins with condition : false
(test : failure with disabled source) dump info size : 0, source wanted : true
(test : basic failure message) assert() begins with condition : false
--- FAIL: TestAssert_WithValues (0.00s)
    assert_test.go:157: expected source context to contain the failing assertion
(test : nil value test) assert() begins with condition : false
(test : nil value test) dump info size : 38, source wanted : true
(test : failure with custom context lines) assert() begins with condition : false
(test : failure with custom context lines) dump info size : 0, source wanted : true
Read 87 lines, Returning context of size 102
(test : odd values) assert() begins with condition : false
Read 253 lines, Returning context of size 106
(test : odd values) dump info size : 60, source wanted : true
(test : basic failure message) dump info size : 0, source wanted : true
Read 125 lines, Returning context of size 107
(test : nil value test)Added source context string of len : 106
(test : failure with disabled source)Added source context string of len : 102
--- FAIL: TestConfig_DisableSourceContext (0.00s)
    assert_test.go:80: expected empty source context when disabled
Read 195 lines, Returning context of size 128
(test : failure with custom context lines)Added source context string of len : 107
(test : odd values)Added source context string of len : 128
Read 52 lines, Returning context of size 95
(test : basic failure message)Added source context string of len : 95
(test : This should fail to get caller info) assert() begins with condition : false
(test : This should fail to get caller info) - could not get caller info
(test : this should not panic) assert() begins with condition : true
(test : empty values test : #ad8d5943-eb39-4fcd-abf0-9da0464546a2) assert() begins with condition : false
(test : empty values test : #ad8d5943-eb39-4fcd-abf0-9da0464546a2) dump info size : 100, source wanted : false
--- FAIL: TestAssert_EmptyValues (0.00s)
    assert_test.go:285: (#ad8d5943-eb39-4fcd-abf0-9da0464546a2)expected non-empty source context. Its ''
(test : failure with values) assert() begins with condition : false
(test : failure with disabled source) assert() begins with condition : false
(test : failure with disabled source) dump info size : 0, source wanted : false
(test : failure with values) dump info size : 115, source wanted : false
(test : nil value test) assert() begins with condition : false
(test : basic failure message) assert() begins with condition : false
(test : basic failure message) dump info size : 0, source wanted : true
(test : nil value test) dump info size : 38, source wanted : true
(test : odd values) assert() begins with condition : false
(test : odd values) dump info size : 60, source wanted : true
Read 164 lines, Returning context of size 139
(test : failure with values)Added source context string of len : 139
(test : failure with custom context lines) assert() begins with condition : false
(test : failure with custom context lines) dump info size : 0, source wanted : true
Read 52 lines, Returning context of size 95
Read 253 lines, Returning context of size 106
Read 195 lines, Returning context of size 128
(test : basic failure message)Added source context string of len : 95
(test : nil value test)Added source context string of len : 106
(test : odd values)Added source context string of len : 128
Read 125 lines, Returning context of size 107
(test : failure with custom context lines)Added source context string of len : 107
(test : This should fail to get caller info) assert() begins with condition : false
(test : This should fail to get caller info) - could not get caller info
(test : this should not panic) assert() begins with condition : true
(test : empty values test : #672112b1-4d58-495a-90b5-8636de41b682) assert() begins with condition : false
(test : empty values test : #672112b1-4d58-495a-90b5-8636de41b682) dump info size : 100, source wanted : false
(test : failure with values) assert() begins with condition : false
--- FAIL: TestAssert_EmptyValues (0.00s)
    assert_test.go:285: (#672112b1-4d58-495a-90b5-8636de41b682)expected non-empty source context. Its ''
(test : failure with disabled source) assert() begins with condition : false
(test : odd values) assert() begins with condition : false
(test : failure with values) dump info size : 115, source wanted : false
(test : basic failure message) assert() begins with condition : false
(test : basic failure message) dump info size : 0, source wanted : true
(test : failure with disabled source) dump info size : 0, source wanted : false
(test : failure with custom context lines) assert() begins with condition : false
(test : failure with custom context lines) dump info size : 0, source wanted : true
(test : nil value test) assert() begins with condition : false
(test : nil value test) dump info size : 38, source wanted : true
(test : odd values) dump info size : 60, source wanted : true
Read 52 lines, Returning context of size 95
Read 87 lines, Returning context of size 102
Read 125 lines, Returning context of size 107
Read 253 lines, Returning context of size 106
(test : failure with custom context lines)Added source context string of len : 107
(test : failure with disabled source)Added source context string of len : 102
Read 164 lines, Returning context of size 139
(test : nil value test)Added source context string of len : 106
(test : failure with values)Added source context string of len : 139
Read 195 lines, Returning context of size 128
(test : basic failure message)Added source context string of len : 95
--- FAIL: TestConfig_DisableSourceContext (0.00s)
    assert_test.go:80: expected empty source context when disabled
(test : odd values)Added source context string of len : 128
(test : This should fail to get caller info) assert() begins with condition : false
(test : This should fail to get caller info) - could not get caller info
(test : this should not panic) assert() begins with condition : true
(test : empty values test : #3487ded3-c1f9-4df0-b2bb-5847ca6a163b) assert() begins with condition : false
(test : empty values test : #3487ded3-c1f9-4df0-b2bb-5847ca6a163b) dump info size : 100, source wanted : false
(test : failure with values) assert() begins with condition : false
(test : failure with values) dump info size : 115, source wanted : false
--- FAIL: TestAssert_EmptyValues (0.00s)
    assert_test.go:285: (#3487ded3-c1f9-4df0-b2bb-5847ca6a163b)expected non-empty source context. Its ''
(test : failure with disabled source) assert() begins with condition : false
(test : basic failure message) assert() begins with condition : false
(test : failure with custom context lines) assert() begins with condition : false
(test : failure with custom context lines) dump info size : 0, source wanted : true
(test : nil value test) assert() begins with condition : false
(test : nil value test) dump info size : 38, source wanted : true
--- FAIL: TestAssert_WithValues (0.00s)
    assert_test.go:157: expected source context to contain the failing assertion
(test : failure with disabled source) dump info size : 0, source wanted : false
(test : basic failure message) dump info size : 0, source wanted : true
(test : odd values) assert() begins with condition : false
(test : odd values) dump info size : 60, source wanted : true
Read 87 lines, Returning context of size 102
Read 253 lines, Returning context of size 106
(test : failure with disabled source)Added source context string of len : 102
(test : nil value test)Added source context string of len : 106
Read 195 lines, Returning context of size 128
--- FAIL: TestConfig_DisableSourceContext (0.00s)
    assert_test.go:80: expected empty source context when disabled
Read 52 lines, Returning context of size 95
(test : odd values)Added source context string of len : 128
Read 125 lines, Returning context of size 107
(test : basic failure message)Added source context string of len : 95
(test : failure with custom context lines)Added source context string of len : 107
(test : This should fail to get caller info) assert() begins with condition : false
(test : This should fail to get caller info) - could not get caller info
(test : this should not panic) assert() begins with condition : true
(test : empty values test : #0bb30c4a-d01a-47f9-b64a-c368488e9c1b) assert() begins with condition : false
(test : empty values test : #0bb30c4a-d01a-47f9-b64a-c368488e9c1b) dump info size : 100, source wanted : false
(test : failure with values) assert() begins with condition : false
(test : failure with values) dump info size : 115, source wanted : false
--- FAIL: TestAssert_EmptyValues (0.00s)
    assert_test.go:285: (#0bb30c4a-d01a-47f9-b64a-c368488e9c1b)expected non-empty source context. Its ''
(test : failure with custom context lines) assert() begins with condition : false
(test : failure with custom context lines) dump info size : 0, source wanted : true
(test : nil value test) assert() begins with condition : false
(test : nil value test) dump info size : 38, source wanted : true
(test : basic failure message) assert() begins with condition : false
(test : basic failure message) dump info size : 0, source wanted : false
Read 125 lines, Returning context of size 107
Read 253 lines, Returning context of size 106
(test : failure with disabled source) assert() begins with condition : false
(test : odd values) assert() begins with condition : false
(test : failure with disabled source) dump info size : 0, source wanted : false
(test : nil value test)Added source context string of len : 106
(test : odd values) dump info size : 60, source wanted : false
(test : failure with custom context lines)Added source context string of len : 107
--- FAIL: TestAssert_WithValues (0.00s)
    assert_test.go:157: expected source context to contain the failing assertion
--- FAIL: TestAssert_BasicFailure (0.00s)
    assert_test.go:45: expected source context to contain the failing assertion
--- FAIL: TestAssert_OddNumberOfValues (0.00s)
    assert_test.go:188: expected non-empty source context
(test : This should fail to get caller info) assert() begins with condition : false
(test : This should fail to get caller info) - could not get caller info
(test : this should not panic) assert() begins with condition : true
(test : empty values test : #0d0113da-36c2-4ab3-a29b-74bf29d32532) assert() begins with condition : false
(test : empty values test : #0d0113da-36c2-4ab3-a29b-74bf29d32532) dump info size : 100, source wanted : true
(test : failure with values) assert() begins with condition : false
(test : failure with values) dump info size : 115, source wanted : true
(test : failure with disabled source) assert() begins with condition : false
(test : failure with disabled source) dump info size : 0, source wanted : false
(test : failure with custom context lines) assert() begins with condition : false
(test : basic failure message) assert() begins with condition : false
Read 292 lines, Returning context of size 148
(test : failure with custom context lines) dump info size : 0, source wanted : true
(test : nil value test) assert() begins with condition : false
(test : odd values) assert() begins with condition : false
(test : nil value test) dump info size : 38, source wanted : true
(test : odd values) dump info size : 60, source wanted : true
Read 125 lines, Returning context of size 107
(test : empty values test : #0d0113da-36c2-4ab3-a29b-74bf29d32532)Added source context string of len : 148
(test : basic failure message) dump info size : 0, source wanted : true
(test : failure with custom context lines)Added source context string of len : 107
Read 253 lines, Returning context of size 106
(test : nil value test)Added source context string of len : 106
Read 195 lines, Returning context of size 128
Read 164 lines, Returning context of size 139
Read 52 lines, Returning context of size 95
(test : odd values)Added source context string of len : 128
(test : basic failure message)Added source context string of len : 95
(test : failure with values)Added source context string of len : 139
(test : This should fail to get caller info) assert() begins with condition : false
(test : This should fail to get caller info) - could not get caller info
(test : this should not panic) assert() begins with condition : true
(test : empty values test : #0a192994-2814-4444-96d3-194efa88b709) assert() begins with condition : false
(test : odd values) assert() begins with condition : false
(test : nil value test) assert() begins with condition : false
(test : failure with disabled source) assert() begins with condition : false
(test : nil value test) dump info size : 38, source wanted : false
(test : failure with disabled source) dump info size : 0, source wanted : false
(test : odd values) dump info size : 60, source wanted : true
(test : failure with custom context lines) assert() begins with condition : false
(test : failure with custom context lines) dump info size : 0, source wanted : true
--- FAIL: TestAssert_NilValues (0.00s)
    assert_test.go:246: expected non-empty source context
Read 195 lines, Returning context of size 128
(test : failure with values) assert() begins with condition : false
(test : failure with values) dump info size : 115, source wanted : true
(test : basic failure message) assert() begins with condition : false
(test : basic failure message) dump info size : 0, source wanted : true
(test : odd values)Added source context string of len : 128
(test : empty values test : #0a192994-2814-4444-96d3-194efa88b709) dump info size : 100, source wanted : true
Read 125 lines, Returning context of size 107
Read 164 lines, Returning context of size 139
Read 52 lines, Returning context of size 95
(test : failure with custom context lines)Added source context string of len : 107
(test : failure with values)Added source context string of len : 139
(test : basic failure message)Added source context string of len : 95
Read 292 lines, Returning context of size 148
(test : empty values test : #0a192994-2814-4444-96d3-194efa88b709)Added source context string of len : 148
(test : This should fail to get caller info) assert() begins with condition : false
(test : This should fail to get caller info) - could not get caller info
(test : this should not panic) assert() begins with condition : true
(test : failure with values) assert() begins with condition : false
(test : odd values) assert() begins with condition : false
(test : failure with custom context lines) assert() begins with condition : false
(test : failure with custom context lines) dump info size : 0, source wanted : true
(test : empty values test : #2ada93be-02bb-4fa8-aa54-cd1213e3f082) assert() begins with condition : false
(test : empty values test : #2ada93be-02bb-4fa8-aa54-cd1213e3f082) dump info size : 100, source wanted : false
(test : nil value test) assert() begins with condition : false
(test : nil value test) dump info size : 38, source wanted : false
(test : failure with values) dump info size : 115, source wanted : true
Read 125 lines, Returning context of size 107
--- FAIL: TestAssert_EmptyValues (0.00s)
    assert_test.go:285: (#2ada93be-02bb-4fa8-aa54-cd1213e3f082)expected non-empty source context. Its ''
--- FAIL: TestAssert_NilValues (0.00s)
    assert_test.go:246: expected non-empty source context
(test : basic failure message) assert() begins with condition : false
--- FAIL: TestAssert_WithValues (0.00s)
    assert_test.go:157: expected source context to contain the failing assertion
(test : odd values) dump info size : 60, source wanted : true
--- FAIL: TestAssert_OddNumberOfValues (0.00s)
    assert_test.go:188: expected non-empty source context
(test : basic failure message) dump info size : 0, source wanted : false
(test : failure with custom context lines)Added source context string of len : 107
--- FAIL: TestAssert_BasicFailure (0.00s)
    assert_test.go:45: expected source context to contain the failing assertion
(test : failure with disabled source) assert() begins with condition : false
(test : failure with disabled source) dump info size : 0, source wanted : true
Read 87 lines, Returning context of size 102
(test : failure with disabled source)Added source context string of len : 102
--- FAIL: TestConfig_DisableSourceContext (0.00s)
    assert_test.go:80: expected empty source context when disabled
(test : This should fail to get caller info) assert() begins with condition : false
(test : This should fail to get caller info) - could not get caller info
(test : this should not panic) assert() begins with condition : true
(test : failure with values) assert() begins with condition : false
(test : odd values) assert() begins with condition : false
(test : odd values) dump info size : 60, source wanted : true
(test : failure with disabled source) assert() begins with condition : false
(test : failure with disabled source) dump info size : 0, source wanted : false
(test : basic failure message) assert() begins with condition : false
(test : empty values test : #e271a2a0-2b8f-43d5-a9fd-9a40caed55ac) assert() begins with condition : false
(test : empty values test : #e271a2a0-2b8f-43d5-a9fd-9a40caed55ac) dump info size : 100, source wanted : true
--- FAIL: TestAssert_OddNumberOfValues (0.00s)
    assert_test.go:188: expected non-empty source context
(test : basic failure message) dump info size : 0, source wanted : true
(test : failure with custom context lines) assert() begins with condition : false
(test : failure with custom context lines) dump info size : 0, source wanted : true
(test : nil value test) assert() begins with condition : false
(test : failure with values) dump info size : 115, source wanted : true
Read 125 lines, Returning context of size 107
Read 52 lines, Returning context of size 95
(test : failure with custom context lines)Added source context string of len : 107
(test : basic failure message)Added source context string of len : 95
Read 164 lines, Returning context of size 139
(test : nil value test) dump info size : 38, source wanted : true
(test : failure with values)Added source context string of len : 139
Read 292 lines, Returning context of size 148
(test : empty values test : #e271a2a0-2b8f-43d5-a9fd-9a40caed55ac)Added source context string of len : 148
Read 253 lines, Returning context of size 106
(test : nil value test)Added source context string of len : 106
(test : This should fail to get caller info) assert() begins with condition : false
(test : This should fail to get caller info) - could not get caller info
(test : this should not panic) assert() begins with condition : true
(test : empty values test : #5d0dc39f-ee40-4ab4-a286-74f3200c3bcf) assert() begins with condition : false
(test : empty values test : #5d0dc39f-ee40-4ab4-a286-74f3200c3bcf) dump info size : 100, source wanted : true
(test : failure with values) assert() begins with condition : false
(test : failure with values) dump info size : 115, source wanted : true
(test : nil value test) assert() begins with condition : false
(test : failure with disabled source) assert() begins with condition : false
(test : odd values) assert() begins with condition : false
(test : odd values) dump info size : 60, source wanted : false
Read 164 lines, Returning context of size 139
--- FAIL: TestAssert_OddNumberOfValues (0.00s)
    assert_test.go:188: expected non-empty source context
(test : failure with custom context lines) assert() begins with condition : false
(test : failure with values)Added source context string of len : 139
(test : nil value test) dump info size : 38, source wanted : false
(test : basic failure message) assert() begins with condition : false
(test : basic failure message) dump info size : 0, source wanted : false
Read 292 lines, Returning context of size 148
--- FAIL: TestAssert_NilValues (0.00s)
    assert_test.go:246: expected non-empty source context
--- FAIL: TestAssert_BasicFailure (0.00s)
    assert_test.go:45: expected source context to contain the failing assertion
(test : empty values test : #5d0dc39f-ee40-4ab4-a286-74f3200c3bcf)Added source context string of len : 148
(test : failure with disabled source) dump info size : 0, source wanted : false
(test : failure with custom context lines) dump info size : 0, source wanted : false
Read 125 lines, Returning context of size 107
(test : failure with custom context lines)Added source context string of len : 107
(test : This should fail to get caller info) assert() begins with condition : false
(test : This should fail to get caller info) - could not get caller info
(test : this should not panic) assert() begins with condition : true
(test : empty values test : #1026d886-bb2c-4f7b-83be-2fcbba06fc80) assert() begins with condition : false
(test : empty values test : #1026d886-bb2c-4f7b-83be-2fcbba06fc80) dump info size : 100, source wanted : true
(test : failure with values) assert() begins with condition : false
(test : failure with values) dump info size : 115, source wanted : true
(test : nil value test) assert() begins with condition : false
(test : nil value test) dump info size : 38, source wanted : true
(test : odd values) assert() begins with condition : false
(test : failure with disabled source) assert() begins with condition : false
(test : basic failure message) assert() begins with condition : false
(test : odd values) dump info size : 60, source wanted : false
Read 292 lines, Returning context of size 148
(test : basic failure message) dump info size : 0, source wanted : true
(test : empty values test : #1026d886-bb2c-4f7b-83be-2fcbba06fc80)Added source context string of len : 148
(test : failure with disabled source) dump info size : 0, source wanted : true
(test : failure with custom context lines) assert() begins with condition : false
(test : failure with custom context lines) dump info size : 0, source wanted : true
Read 195 lines, Returning context of size 128
Read 52 lines, Returning context of size 95
Read 253 lines, Returning context of size 106
(test : odd values)Added source context string of len : 128
(test : nil value test)Added source context string of len : 106
Read 125 lines, Returning context of size 107
Read 87 lines, Returning context of size 102
(test : failure with custom context lines)Added source context string of len : 107
Read 164 lines, Returning context of size 139
(test : failure with disabled source)Added source context string of len : 102
(test : failure with values)Added source context string of len : 139
--- FAIL: TestConfig_DisableSourceContext (0.00s)
    assert_test.go:80: expected empty source context when disabled
(test : basic failure message)Added source context string of len : 95
(test : This should fail to get caller info) assert() begins with condition : false
(test : This should fail to get caller info) - could not get caller info
(test : this should not panic) assert() begins with condition : true
(test : empty values test : #b44ddfd0-10da-4e1a-8a17-13599fb4de91) assert() begins with condition : false
(test : failure with values) assert() begins with condition : false
(test : basic failure message) assert() begins with condition : false
(test : basic failure message) dump info size : 0, source wanted : true
(test : failure with disabled source) assert() begins with condition : false
(test : failure with disabled source) dump info size : 0, source wanted : true
(test : failure with values) dump info size : 115, source wanted : true
(test : nil value test) assert() begins with condition : false
(test : nil value test) dump info size : 38, source wanted : true
Read 52 lines, Returning context of size 95
(test : odd values) assert() begins with condition : false
(test : failure with custom context lines) assert() begins with condition : false
(test : odd values) dump info size : 60, source wanted : true
Read 164 lines, Returning context of size 139
(test : empty values test : #b44ddfd0-10da-4e1a-8a17-13599fb4de91) dump info size : 100, source wanted : true
(test : failure with custom context lines) dump info size : 0, source wanted : true
(test : basic failure message)Added source context string of len : 95
Read 253 lines, Returning context of size 106
(test : nil value test)Added source context string of len : 106
(test : failure with values)Added source context string of len : 139
Read 87 lines, Returning context of size 102
Read 125 lines, Returning context of size 107
(test : failure with disabled source)Added source context string of len : 102
(test : failure with custom context lines)Added source context string of len : 107
Read 292 lines, Returning context of size 148
--- FAIL: TestConfig_DisableSourceContext (0.00s)
    assert_test.go:80: expected empty source context when disabled
Read 195 lines, Returning context of size 128
(test : empty values test : #b44ddfd0-10da-4e1a-8a17-13599fb4de91)Added source context string of len : 148
(test : odd values)Added source context string of len : 128
(test : This should fail to get caller info) assert() begins with condition : false
(test : This should fail to get caller info) - could not get caller info
(test : this should not panic) assert() begins with condition : true
(test : empty values test : #19374ebb-dba1-4fa8-b1d2-3219c5a22cea) assert() begins with condition : false
(test : empty values test : #19374ebb-dba1-4fa8-b1d2-3219c5a22cea) dump info size : 100, source wanted : true
(test : nil value test) assert() begins with condition : false
(test : nil value test) dump info size : 38, source wanted : true
(test : failure with disabled source) assert() begins with condition : false
(test : failure with disabled source) dump info size : 0, source wanted : false
(test : basic failure message) assert() begins with condition : false
(test : basic failure message) dump info size : 0, source wanted : true
(test : odd values) assert() begins with condition : false
(test : odd values) dump info size : 60, source wanted : true
(test : failure with values) assert() begins with condition : false
Read 292 lines, Returning context of size 148
(test : failure with values) dump info size : 115, source wanted : true
Read 253 lines, Returning context of size 106
(test : empty values test : #19374ebb-dba1-4fa8-b1d2-3219c5a22cea)Added source context string of len : 148
(test : failure with custom context lines) assert() begins with condition : false
(test : failure with custom context lines) dump info size : 0, source wanted : true
(test : nil value test)Added source context string of len : 106
Read 195 lines, Returning context of size 128
Read 52 lines, Returning context of size 95
Read 164 lines, Returning context of size 139
Read 125 lines, Returning context of size 107
(test : basic failure message)Added source context string of len : 95
(test : failure with values)Added source context string of len : 139
(test : odd values)Added source context string of len : 128
(test : failure with custom context lines)Added source context string of len : 107
(test : This should fail to get caller info) assert() begins with condition : false
(test : This should fail to get caller info) - could not get caller info
(test : this should not panic) assert() begins with condition : true
(test : empty values test : #726409a6-1fc1-4ac7-ac8e-d3b61eec943c) assert() begins with condition : false
(test : failure with values) assert() begins with condition : false
(test : failure with disabled source) assert() begins with condition : false
(test : failure with values) dump info size : 115, source wanted : false
(test : failure with disabled source) dump info size : 0, source wanted : false
--- FAIL: TestAssert_WithValues (0.00s)
    assert_test.go:157: expected source context to contain the failing assertion
(test : nil value test) assert() begins with condition : false
(test : odd values) assert() begins with condition : false
(test : odd values) dump info size : 60, source wanted : true
(test : empty values test : #726409a6-1fc1-4ac7-ac8e-d3b61eec943c) dump info size : 100, source wanted : true
(test : failure with custom context lines) assert() begins with condition : false
(test : failure with custom context lines) dump info size : 0, source wanted : true
(test : basic failure message) assert() begins with condition : false
(test : basic failure message) dump info size : 0, source wanted : true
(test : nil value test) dump info size : 38, source wanted : true
Read 125 lines, Returning context of size 107
Read 195 lines, Returning context of size 128
Read 52 lines, Returning context of size 95
(test : failure with custom context lines)Added source context string of len : 107
(test : odd values)Added source context string of len : 128
(test : basic failure message)Added source context string of len : 95
Read 292 lines, Returning context of size 148
Read 253 lines, Returning context of size 106
(test : empty values test : #726409a6-1fc1-4ac7-ac8e-d3b61eec943c)Added source context string of len : 148
(test : nil value test)Added source context string of len : 106
(test : This should fail to get caller info) assert() begins with condition : false
(test : This should fail to get caller info) - could not get caller info
(test : this should not panic) assert() begins with condition : true
(test : failure with values) assert() begins with condition : false
(test : empty values test : #8e1e80bf-8384-4a1a-bb85-e5b8a55acb89) assert() begins with condition : false
(test : failure with values) dump info size : 115, source wanted : true
(test : empty values test : #8e1e80bf-8384-4a1a-bb85-e5b8a55acb89) dump info size : 100, source wanted : true
(test : nil value test) assert() begins with condition : false
(test : nil value test) dump info size : 38, source wanted : true
(test : failure with disabled source) assert() begins with condition : false
(test : failure with disabled source) dump info size : 0, source wanted : false
Read 164 lines, Returning context of size 139
(test : failure with custom context lines) assert() begins with condition : false
(test : failure with custom context lines) dump info size : 0, source wanted : true
(test : failure with values)Added source context string of len : 139
(test : basic failure message) assert() begins with condition : false
(test : basic failure message) dump info size : 0, source wanted : true
Read 292 lines, Returning context of size 148
(test : empty values test : #8e1e80bf-8384-4a1a-bb85-e5b8a55acb89)Added source context string of len : 148
(test : odd values) assert() begins with condition : false
(test : odd values) dump info size : 60, source wanted : true
Read 125 lines, Returning context of size 107
Read 253 lines, Returning context of size 106
Read 52 lines, Returning context of size 95
(test : failure with custom context lines)Added source context string of len : 107
(test : nil value test)Added source context string of len : 106
(test : basic failure message)Added source context string of len : 95
Read 195 lines, Returning context of size 128
(test : odd values)Added source context string of len : 128
(test : This should fail to get caller info) assert() begins with condition : false
(test : This should fail to get caller info) - could not get caller info
(test : this should not panic) assert() begins with condition : true
(test : failure with values) assert() begins with condition : false
(test : odd values) assert() begins with condition : false
(test : failure with values) dump info size : 115, source wanted : true
(test : nil value test) assert() begins with condition : false
(test : nil value test) dump info size : 38, source wanted : true
(test : empty values test : #1ee2cf05-02b3-4d76-92de-bdf3fb14158e) assert() begins with condition : false
(test : empty values test : #1ee2cf05-02b3-4d76-92de-bdf3fb14158e) dump info size : 100, source wanted : true
(test : failure with disabled source) assert() begins with condition : false
(test : failure with disabled source) dump info size : 0, source wanted : true
Read 253 lines, Returning context of size 106
(test : basic failure message) assert() begins with condition : false
(test : basic failure message) dump info size : 0, source wanted : true
(test : nil value test)Added source context string of len : 106
(test : failure with custom context lines) assert() begins with condition : false
Read 292 lines, Returning context of size 148
(test : failure with custom context lines) dump info size : 0, source wanted : true
Read 87 lines, Returning context of size 102
(test : empty values test : #1ee2cf05-02b3-4d76-92de-bdf3fb14158e)Added source context string of len : 148
Read 52 lines, Returning context of size 95
Read 164 lines, Returning context of size 139
(test : failure with disabled source)Added source context string of len : 102
(test : basic failure message)Added source context string of len : 95
Read 125 lines, Returning context of size 107
(test : failure with custom context lines)Added source context string of len : 107
(test : failure with values)Added source context string of len : 139
(test : odd values) dump info size : 60, source wanted : true
--- FAIL: TestConfig_DisableSourceContext (0.00s)
    assert_test.go:80: expected empty source context when disabled
--- FAIL: TestAssert_OddNumberOfValues (0.00s)
    assert_test.go:188: expected non-empty source context
(test : This should fail to get caller info) assert() begins with condition : false
(test : This should fail to get caller info) - could not get caller info
(test : this should not panic) assert() begins with condition : true
(test : empty values test : #38ae115a-e2a7-4e67-8e4c-2c06105d44eb) assert() begins with condition : false
(test : failure with values) assert() begins with condition : false
(test : failure with custom context lines) assert() begins with condition : false
(test : failure with values) dump info size : 115, source wanted : true
(test : basic failure message) assert() begins with condition : false
(test : basic failure message) dump info size : 0, source wanted : false
--- FAIL: TestAssert_WithValues (0.00s)
    assert_test.go:157: expected source context to contain the failing assertion
--- FAIL: TestAssert_BasicFailure (0.00s)
    assert_test.go:45: expected source context to contain the failing assertion
(test : failure with disabled source) assert() begins with condition : false
(test : failure with disabled source) dump info size : 0, source wanted : false
(test : nil value test) assert() begins with condition : false
(test : nil value test) dump info size : 38, source wanted : true
(test : failure with custom context lines) dump info size : 0, source wanted : true
(test : empty values test : #38ae115a-e2a7-4e67-8e4c-2c06105d44eb) dump info size : 100, source wanted : false
(test : odd values) assert() begins with condition : false
(test : odd values) dump info size : 60, source wanted : true
Read 253 lines, Returning context of size 106
Read 125 lines, Returning context of size 107
Read 292 lines, Returning context of size 148
(test : nil value test)Added source context string of len : 106
(test : failure with custom context lines)Added source context string of len : 107
Read 195 lines, Returning context of size 128
(test : odd values)Added source context string of len : 128
(test : empty values test : #38ae115a-e2a7-4e67-8e4c-2c06105d44eb)Added source context string of len : 148
(test : This should fail to get caller info) assert() begins with condition : false
(test : This should fail to get caller info) - could not get caller info
(test : this should not panic) assert() begins with condition : true
(test : empty values test : #7959e31b-38ff-4449-be7e-73127122da48) assert() begins with condition : false
(test : empty values test : #7959e31b-38ff-4449-be7e-73127122da48) dump info size : 100, source wanted : false
(test : failure with values) assert() begins with condition : false
(test : failure with values) dump info size : 115, source wanted : false
(test : nil value test) assert() begins with condition : false
--- FAIL: TestAssert_EmptyValues (0.00s)
    assert_test.go:285: (#7959e31b-38ff-4449-be7e-73127122da48)expected non-empty source context. Its ''
(test : odd values) assert() begins with condition : false
--- FAIL: TestAssert_WithValues (0.00s)
    assert_test.go:157: expected source context to contain the failing assertion
(test : odd values) dump info size : 60, source wanted : true
(test : failure with disabled source) assert() begins with condition : false
(test : failure with disabled source) dump info size : 0, source wanted : true
(test : basic failure message) assert() begins with condition : false
(test : basic failure message) dump info size : 0, source wanted : true
(test : nil value test) dump info size : 38, source wanted : false
Read 195 lines, Returning context of size 128
(test : failure with custom context lines) assert() begins with condition : false
(test : failure with custom context lines) dump info size : 0, source wanted : true
(test : odd values)Added source context string of len : 128
Read 87 lines, Returning context of size 102
(test : failure with disabled source)Added source context string of len : 102
Read 253 lines, Returning context of size 106
--- FAIL: TestConfig_DisableSourceContext (0.00s)
    assert_test.go:80: expected empty source context when disabled
Read 125 lines, Returning context of size 107
Read 52 lines, Returning context of size 95
(test : nil value test)Added source context string of len : 106
(test : failure with custom context lines)Added source context string of len : 107
(test : basic failure message)Added source context string of len : 95
(test : This should fail to get caller info) assert() begins with condition : false
(test : This should fail to get caller info) - could not get caller info
(test : this should not panic) assert() begins with condition : true
(test : odd values) assert() begins with condition : false
(test : failure with values) assert() begins with condition : false
(test : failure with disabled source) assert() begins with condition : false
(test : failure with values) dump info size : 115, source wanted : false
(test : failure with custom context lines) assert() begins with condition : false
(test : basic failure message) assert() begins with condition : false
(test : failure with custom context lines) dump info size : 0, source wanted : true
(test : basic failure message) dump info size : 0, source wanted : true
(test : odd values) dump info size : 60, source wanted : false
(test : empty values test : #a6e0b10a-75ae-4eea-84db-f678e9d9957f) assert() begins with condition : false
(test : empty values test : #a6e0b10a-75ae-4eea-84db-f678e9d9957f) dump info size : 100, source wanted : true
Read 164 lines, Returning context of size 139
Read 52 lines, Returning context of size 95
(test : failure with values)Added source context string of len : 139
(test : nil value test) assert() begins with condition : false
(test : basic failure message)Added source context string of len : 95
Read 125 lines, Returning context of size 107
(test : failure with disabled source) dump info size : 0, source wanted : false
(test : nil value test) dump info size : 38, source wanted : true
Read 292 lines, Returning context of size 148
(test : failure with custom context lines)Added source context string of len : 107
Read 87 lines, Returning context of size 102
Read 253 lines, Returning context of size 106
(test : failure with disabled source)Added source context string of len : 102
(test : nil value test)Added source context string of len : 106
Read 195 lines, Returning context of size 128
--- FAIL: TestConfig_DisableSourceContext (0.00s)
    assert_test.go:80: expected empty source context when disabled
(test : empty values test : #a6e0b10a-75ae-4eea-84db-f678e9d9957f)Added source context string of len : 148
(test : odd values)Added source context string of len : 128
(test : This should fail to get caller info) assert() begins with condition : false
(test : This should fail to get caller info) - could not get caller info
(test : this should not panic) assert() begins with condition : true
(test : empty values test : #22f2d9cd-75f7-4540-bf9b-064c7d2a6912) assert() begins with condition : false
(test : failure with values) assert() begins with condition : false
(test : basic failure message) assert() begins with condition : false
(test : failure with values) dump info size : 115, source wanted : true
(test : nil value test) assert() begins with condition : false
(test : odd values) assert() begins with condition : false
(test : odd values) dump info size : 60, source wanted : true
(test : failure with disabled source) assert() begins with condition : false
(test : empty values test : #22f2d9cd-75f7-4540-bf9b-064c7d2a6912) dump info size : 100, source wanted : false
(test : nil value test) dump info size : 38, source wanted : true
(test : basic failure message) dump info size : 0, source wanted : true
Read 195 lines, Returning context of size 128
(test : failure with disabled source) dump info size : 0, source wanted : true
(test : odd values)Added source context string of len : 128
(test : failure with custom context lines) assert() begins with condition : false
Read 164 lines, Returning context of size 139
Read 87 lines, Returning context of size 102
Read 253 lines, Returning context of size 106
(test : failure with disabled source)Added source context string of len : 102
--- FAIL: TestConfig_DisableSourceContext (0.00s)
    assert_test.go:80: expected empty source context when disabled
(test : nil value test)Added source context string of len : 106
Read 292 lines, Returning context of size 148
(test : failure with values)Added source context string of len : 139
(test : failure with custom context lines) dump info size : 0, source wanted : true
--- FAIL: TestConfig_CustomContextLines (0.00s)
    assert_test.go:118: expected 5 lines of context, got 1
(test : empty values test : #22f2d9cd-75f7-4540-bf9b-064c7d2a6912)Added source context string of len : 148
Read 52 lines, Returning context of size 95
(test : basic failure message)Added source context string of len : 95
(test : This should fail to get caller info) assert() begins with condition : false
(test : This should fail to get caller info) - could not get caller info
(test : odd values) assert() begins with condition : false
(test : failure with disabled source) assert() begins with condition : false
(test : failure with disabled source) dump info size : 0, source wanted : false
(test : failure with values) assert() begins with condition : false
(test : odd values) dump info size : 60, source wanted : false
(test : failure with values) dump info size : 115, source wanted : true
(test : basic failure message) assert() begins with condition : false
(test : failure with custom context lines) assert() begins with condition : false
(test : nil value test) assert() begins with condition : false
(test : failure with custom context lines) dump info size : 0, source wanted : true
(test : nil value test) dump info size : 38, source wanted : true
(test : this should not panic) assert() begins with condition : true
(test : basic failure message) dump info size : 0, source wanted : true
(test : empty values test : #29a8cece-5a10-405a-a0a3-bf3385f13c2c) assert() begins with condition : false
Read 195 lines, Returning context of size 128
(test : empty values test : #29a8cece-5a10-405a-a0a3-bf3385f13c2c) dump info size : 100, source wanted : true
Read 52 lines, Returning context of size 95
(test : odd values)Added source context string of len : 128
Read 164 lines, Returning context of size 139
(test : basic failure message)Added source context string of len : 95
(test : failure with values)Added source context string of len : 139
Read 125 lines, Returning context of size 107
Read 253 lines, Returning context of size 106
(test : failure with custom context lines)Added source context string of len : 107
(test : nil value test)Added source context string of len : 106
Read 292 lines, Returning context of size 148
(test : empty values test : #29a8cece-5a10-405a-a0a3-bf3385f13c2c)Added source context string of len : 148
(test : This should fail to get caller info) assert() begins with condition : false
(test : This should fail to get caller info) - could not get caller info
(test : this should not panic) assert() begins with condition : true
(test : failure with values) assert() begins with condition : false
(test : failure with values) dump info size : 115, source wanted : false
(test : empty values test : #9f89e4da-c54d-4afc-a8a5-c5de11c15b1b) assert() begins with condition : false
--- FAIL: TestAssert_WithValues (0.00s)
    assert_test.go:157: expected source context to contain the failing assertion
(test : empty values test : #9f89e4da-c54d-4afc-a8a5-c5de11c15b1b) dump info size : 100, source wanted : false
(test : failure with disabled source) assert() begins with condition : false
(test : failure with disabled source) dump info size : 0, source wanted : false
(test : basic failure message) assert() begins with condition : false
--- FAIL: TestAssert_EmptyValues (0.00s)
    assert_test.go:285: (#9f89e4da-c54d-4afc-a8a5-c5de11c15b1b)expected non-empty source context. Its ''
(test : odd values) assert() begins with condition : false
(test : basic failure message) dump info size : 0, source wanted : true
(test : nil value test) assert() begins with condition : false
(test : nil value test) dump info size : 38, source wanted : true
(test : failure with custom context lines) assert() begins with condition : false
(test : failure with custom context lines) dump info size : 0, source wanted : true
(test : odd values) dump info size : 60, source wanted : true
Read 253 lines, Returning context of size 106
Read 52 lines, Returning context of size 95
Read 125 lines, Returning context of size 107
(test : nil value test)Added source context string of len : 106
(test : failure with custom context lines)Added source context string of len : 107
(test : basic failure message)Added source context string of len : 95
Read 195 lines, Returning context of size 128
(test : odd values)Added source context string of len : 128
(test : This should fail to get caller info) assert() begins with condition : false
(test : This should fail to get caller info) - could not get caller info
(test : this should not panic) assert() begins with condition : true
(test : empty values test : #02b46f0a-3ede-4892-ba3d-4499ffb4dc33) assert() begins with condition : false
(test : failure with values) assert() begins with condition : false
(test : failure with custom context lines) assert() begins with condition : false
(test : basic failure message) assert() begins with condition : false
(test : failure with values) dump info size : 115, source wanted : true
(test : odd values) assert() begins with condition : false
--- FAIL: TestAssert_WithValues (0.00s)
    assert_test.go:157: expected source context to contain the failing assertion
(test : failure with disabled source) assert() begins with condition : false
(test : failure with disabled source) dump info size : 0, source wanted : false
(test : basic failure message) dump info size : 0, source wanted : false
(test : empty values test : #02b46f0a-3ede-4892-ba3d-4499ffb4dc33) dump info size : 100, source wanted : false
(test : odd values) dump info size : 60, source wanted : false
(test : failure with custom context lines) dump info size : 0, source wanted : false
(test : nil value test) assert() begins with condition : false
Read 52 lines, Returning context of size 95
(test : basic failure message)Added source context string of len : 95
Read 125 lines, Returning context of size 107
(test : nil value test) dump info size : 38, source wanted : true
(test : failure with custom context lines)Added source context string of len : 107
Read 195 lines, Returning context of size 128
(test : odd values)Added source context string of len : 128
Read 292 lines, Returning context of size 148
(test : empty values test : #02b46f0a-3ede-4892-ba3d-4499ffb4dc33)Added source context string of len : 148
Read 253 lines, Returning context of size 106
(test : nil value test)Added source context string of len : 106
(test : This should fail to get caller info) assert() begins with condition : false
(test : This should fail to get caller info) - could not get caller info
(test : this should not panic) assert() begins with condition : true
(test : empty values test : #3896a63f-317e-4e4d-9c90-ce597349918e) assert() begins with condition : false
(test : empty values test : #3896a63f-317e-4e4d-9c90-ce597349918e) dump info size : 100, source wanted : false
(test : failure with values) assert() begins with condition : false
(test : failure with values) dump info size : 115, source wanted : false
--- FAIL: TestAssert_EmptyValues (0.00s)
    assert_test.go:285: (#3896a63f-317e-4e4d-9c90-ce597349918e)expected non-empty source context. Its ''
(test : failure with disabled source) assert() begins with condition : false
--- FAIL: TestAssert_WithValues (0.00s)
    assert_test.go:157: expected source context to contain the failing assertion
(test : failure with disabled source) dump info size : 0, source wanted : false
(test : failure with custom context lines) assert() begins with condition : false
(test : failure with custom context lines) dump info size : 0, source wanted : false
(test : basic failure message) assert() begins with condition : false
(test : basic failure message) dump info size : 0, source wanted : false
--- FAIL: TestConfig_CustomContextLines (0.00s)
    assert_test.go:118: expected 5 lines of context, got 1
--- FAIL: TestAssert_BasicFailure (0.00s)
    assert_test.go:45: expected source context to contain the failing assertion
(test : nil value test) assert() begins with condition : false
(test : nil value test) dump info size : 38, source wanted : false
(test : odd values) assert() begins with condition : false
(test : odd values) dump info size : 60, source wanted : false
--- FAIL: TestAssert_NilValues (0.00s)
    assert_test.go:246: expected non-empty source context
--- FAIL: TestAssert_OddNumberOfValues (0.00s)
    assert_test.go:188: expected non-empty source context
(test : This should fail to get caller info) assert() begins with condition : false
(test : This should fail to get caller info) - could not get caller info
(test : this should not panic) assert() begins with condition : true
(test : empty values test : #0f9ac5c2-c1e8-406c-bd23-c988ca335546) assert() begins with condition : false
(test : empty values test : #0f9ac5c2-c1e8-406c-bd23-c988ca335546) dump info size : 100, source wanted : false
(test : failure with values) assert() begins with condition : false
(test : failure with disabled source) assert() begins with condition : false
(test : failure with disabled source) dump info size : 0, source wanted : false
(test : failure with custom context lines) assert() begins with condition : false
(test : odd values) assert() begins with condition : false
(test : basic failure message) assert() begins with condition : false
(test : basic failure message) dump info size : 0, source wanted : true
(test : nil value test) assert() begins with condition : false
(test : failure with values) dump info size : 115, source wanted : true
--- FAIL: TestAssert_EmptyValues (0.00s)
    assert_test.go:285: (#0f9ac5c2-c1e8-406c-bd23-c988ca335546)expected non-empty source context. Its ''
Read 52 lines, Returning context of size 95
(test : nil value test) dump info size : 38, source wanted : true
(test : basic failure message)Added source context string of len : 95
(test : failure with custom context lines) dump info size : 0, source wanted : true
(test : odd values) dump info size : 60, source wanted : true
Read 125 lines, Returning context of size 107
Read 253 lines, Returning context of size 106
(test : failure with custom context lines)Added source context string of len : 107
Read 164 lines, Returning context of size 139
(test : nil value test)Added source context string of len : 106
(test : failure with values)Added source context string of len : 139
Read 195 lines, Returning context of size 128
(test : odd values)Added source context string of len : 128
(test : This should fail to get caller info) assert() begins with condition : false
(test : This should fail to get caller info) - could not get caller info
(test : this should not panic) assert() begins with condition : true
(test : odd values) assert() begins with condition : false
(test : failure with values) assert() begins with condition : false
(test : nil value test) assert() begins with condition : false
(test : failure with disabled source) assert() begins with condition : false
(test : nil value test) dump info size : 38, source wanted : false
(test : odd values) dump info size : 60, source wanted : false
--- FAIL: TestAssert_NilValues (0.00s)
    assert_test.go:246: expected non-empty source context
(test : basic failure message) assert() begins with condition : false
(test : failure with values) dump info size : 115, source wanted : false
(test : empty values test : #ac2148e0-0f41-4875-96b3-c79ed39e2421) assert() begins with condition : false
(test : empty values test : #ac2148e0-0f41-4875-96b3-c79ed39e2421) dump info size : 100, source wanted : true
Read 195 lines, Returning context of size 128
Read 164 lines, Returning context of size 139
(test : odd values)Added source context string of len : 128
(test : failure with disabled source) dump info size : 0, source wanted : false
(test : failure with custom context lines) assert() begins with condition : false
(test : basic failure message) dump info size : 0, source wanted : true
(test : failure with custom context lines) dump info size : 0, source wanted : true
Read 292 lines, Returning context of size 148
Read 52 lines, Returning context of size 95
(test : empty values test : #ac2148e0-0f41-4875-96b3-c79ed39e2421)Added source context string of len : 148
(test : failure with values)Added source context string of len : 139
Read 125 lines, Returning context of size 107
(test : failure with custom context lines)Added source context string of len : 107
Read 87 lines, Returning context of size 102
(test : basic failure message)Added source context string of len : 95
(test : failure with disabled source)Added source context string of len : 102
--- FAIL: TestConfig_DisableSourceContext (0.00s)
    assert_test.go:80: expected empty source context when disabled
(test : This should fail to get caller info) assert() begins with condition : false
(test : This should fail to get caller info) - could not get caller info
(test : this should not panic) assert() begins with condition : true
(test : failure with values) assert() begins with condition : false
(test : empty values test : #4445cb87-c3a7-44d0-86c0-18986e7eb997) assert() begins with condition : false
(test : basic failure message) assert() begins with condition : false
(test : basic failure message) dump info size : 0, source wanted : true
(test : odd values) assert() begins with condition : false
(test : odd values) dump info size : 60, source wanted : true
Read 52 lines, Returning context of size 95
(test : nil value test) assert() begins with condition : false
(test : basic failure message)Added source context string of len : 95
(test : nil value test) dump info size : 38, source wanted : true
(test : failure with disabled source) assert() begins with condition : false
(test : failure with disabled source) dump info size : 0, source wanted : true
Read 195 lines, Returning context of size 128
(test : empty values test : #4445cb87-c3a7-44d0-86c0-18986e7eb997) dump info size : 100, source wanted : false
Read 253 lines, Returning context of size 106
(test : failure with values) dump info size : 115, source wanted : false
(test : nil value test)Added source context string of len : 106
(test : odd values)Added source context string of len : 128
Read 87 lines, Returning context of size 102
(test : failure with custom context lines) assert() begins with condition : false
(test : failure with custom context lines) dump info size : 0, source wanted : true
Read 292 lines, Returning context of size 148
(test : failure with disabled source)Added source context string of len : 102
--- FAIL: TestConfig_DisableSourceContext (0.00s)
    assert_test.go:80: expected empty source context when disabled
(test : empty values test : #4445cb87-c3a7-44d0-86c0-18986e7eb997)Added source context string of len : 148
Read 125 lines, Returning context of size 107
Read 164 lines, Returning context of size 139
(test : failure with custom context lines)Added source context string of len : 107
(test : failure with values)Added source context string of len : 139
(test : This should fail to get caller info) assert() begins with condition : false
(test : This should fail to get caller info) - could not get caller info
(test : this should not panic) assert() begins with condition : true
(test : empty values test : #9ac9748d-4a71-480e-9b73-ef206aa5d604) assert() begins with condition : false
(test : failure with values) assert() begins with condition : false
(test : failure with custom context lines) assert() begins with condition : false
(test : odd values) assert() begins with condition : false
(test : failure with custom context lines) dump info size : 0, source wanted : true
(test : nil value test) assert() begins with condition : false
(test : basic failure message) assert() begins with condition : false
(test : failure with disabled source) assert() begins with condition : false
(test : odd values) dump info size : 60, source wanted : true
(test : failure with disabled source) dump info size : 0, source wanted : false
(test : failure with values) dump info size : 115, source wanted : true
Read 125 lines, Returning context of size 107
(test : failure with custom context lines)Added source context string of len : 107
(test : basic failure message) dump info size : 0, source wanted : false
Read 164 lines, Returning context of size 139
--- FAIL: TestAssert_OddNumberOfValues (0.00s)
    assert_test.go:188: expected non-empty source context
(test : failure with values)Added source context string of len : 139
--- FAIL: TestAssert_BasicFailure (0.00s)
    assert_test.go:45: expected source context to contain the failing assertion
(test : empty values test : #9ac9748d-4a71-480e-9b73-ef206aa5d604) dump info size : 100, source wanted : false
(test : nil value test) dump info size : 38, source wanted : true
--- FAIL: TestAssert_EmptyValues (0.00s)
    assert_test.go:285: (#9ac9748d-4a71-480e-9b73-ef206aa5d604)expected non-empty source context. Its ''
--- FAIL: TestAssert_NilValues (0.00s)
    assert_test.go:246: expected non-empty source context
(test : This should fail to get caller info) assert() begins with condition : false
(test : This should fail to get caller info) - could not get caller info
(test : this should not panic) assert() begins with condition : true
(test : empty values test : #b82d8417-fef9-4779-8e0c-04459bd6cd08) assert() begins with condition : false
(test : empty values test : #b82d8417-fef9-4779-8e0c-04459bd6cd08) dump info size : 100, source wanted : false
(test : failure with values) assert() begins with condition : false
--- FAIL: TestAssert_EmptyValues (0.00s)
    assert_test.go:285: (#b82d8417-fef9-4779-8e0c-04459bd6cd08)expected non-empty source context. Its ''
(test : nil value test) assert() begins with condition : false
(test : nil value test) dump info size : 38, source wanted : false
(test : failure with custom context lines) assert() begins with condition : false
(test : failure with custom context lines) dump info size : 0, source wanted : true
--- FAIL: TestAssert_NilValues (0.00s)
    assert_test.go:246: expected non-empty source context
(test : basic failure message) assert() begins with condition : false
(test : basic failure message) dump info size : 0, source wanted : true
Read 125 lines, Returning context of size 107
(test : failure with custom context lines)Added source context string of len : 107
(test : failure with values) dump info size : 115, source wanted : false
(test : failure with disabled source) assert() begins with condition : false
(test : failure with disabled source) dump info size : 0, source wanted : false
Read 52 lines, Returning context of size 95
(test : basic failure message)Added source context string of len : 95
--- FAIL: TestAssert_WithValues (0.00s)
    assert_test.go:157: expected source context to contain the failing assertion
(test : odd values) assert() begins with condition : false
(test : odd values) dump info size : 60, source wanted : false
--- FAIL: TestAssert_OddNumberOfValues (0.00s)
    assert_test.go:188: expected non-empty source context
(test : This should fail to get caller info) assert() begins with condition : false
(test : This should fail to get caller info) - could not get caller info
(test : this should not panic) assert() begins with condition : true
(test : empty values test : #f4a84f85-c819-4da0-8a83-badc686dae4d) assert() begins with condition : false
(test : empty values test : #f4a84f85-c819-4da0-8a83-badc686dae4d) dump info size : 100, source wanted : false
(test : failure with values) assert() begins with condition : false
--- FAIL: TestAssert_EmptyValues (0.00s)
    assert_test.go:285: (#f4a84f85-c819-4da0-8a83-badc686dae4d)expected non-empty source context. Its ''
(test : failure with values) dump info size : 115, source wanted : false
(test : failure with disabled source) assert() begins with condition : false
(test : failure with disabled source) dump info size : 0, source wanted : false
(test : basic failure message) assert() begins with condition : false
(test : failure with custom context lines) assert() begins with condition : false
(test : basic failure message) dump info size : 0, source wanted : true
(test : nil value test) assert() begins with condition : false
(test : nil value test) dump info size : 38, source wanted : true
Read 164 lines, Returning context of size 139
(test : failure with custom context lines) dump info size : 0, source wanted : true
(test : failure with values)Added source context string of len : 139
Read 52 lines, Returning context of size 95
Read 253 lines, Returning context of size 106
(test : basic failure message)Added source context string of len : 95
(test : odd values) assert() begins with condition : false
(test : odd values) dump info size : 60, source wanted : true
(test : nil value test)Added source context string of len : 106
Read 125 lines, Returning context of size 107
(test : failure with custom context lines)Added source context string of len : 107
Read 195 lines, Returning context of size 128
(test : odd values)Added source context string of len : 128
(test : This should fail to get caller info) assert() begins with condition : false
(test : This should fail to get caller info) - could not get caller info
(test : this should not panic) assert() begins with condition : true
(test : failure with values) assert() begins with condition : false
(test : failure with values) dump info size : 115, source wanted : false
(test : empty values test : #bb326420-f492-4ed3-a2ac-ae22fc07390e) assert() begins with condition : false
(test : empty values test : #bb326420-f492-4ed3-a2ac-ae22fc07390e) dump info size : 100, source wanted : false
(test : basic failure message) assert() begins with condition : false
(test : failure with disabled source) assert() begins with condition : false
(test : nil value test) assert() begins with condition : false
(test : nil value test) dump info size : 38, source wanted : true
(test : failure with custom context lines) assert() begins with condition : false
(test : failure with custom context lines) dump info size : 0, source wanted : true
(test : basic failure message) dump info size : 0, source wanted : true
(test : odd values) assert() begins with condition : false
(test : odd values) dump info size : 60, source wanted : true
Read 125 lines, Returning context of size 107
(test : failure with disabled source) dump info size : 0, source wanted : true
Read 52 lines, Returning context of size 95
Read 253 lines, Returning context of size 106
(test : failure with custom context lines)Added source context string of len : 107
--- FAIL: TestAssert_WithValues (0.00s)
    assert_test.go:157: expected source context to contain the failing assertion
Read 87 lines, Returning context of size 102
--- FAIL: TestAssert_EmptyValues (0.00s)
    assert_test.go:285: (#bb326420-f492-4ed3-a2ac-ae22fc07390e)expected non-empty source context. Its ''
Read 195 lines, Returning context of size 128
(test : nil value test)Added source context string of len : 106
(test : basic failure message)Added source context string of len : 95
(test : failure with disabled source)Added source context string of len : 102
(test : odd values)Added source context string of len : 128
--- FAIL: TestConfig_DisableSourceContext (0.00s)
    assert_test.go:80: expected empty source context when disabled
(test : This should fail to get caller info) assert() begins with condition : false
(test : This should fail to get caller info) - could not get caller info
(test : this should not panic) assert() begins with condition : true
(test : empty values test : #d706ecd8-cf94-4009-9559-b29470373224) assert() begins with condition : false
(test : empty values test : #d706ecd8-cf94-4009-9559-b29470373224) dump info size : 100, source wanted : false
(test : failure with values) assert() begins with condition : false
(test : failure with custom context lines) assert() begins with condition : false
(test : failure with custom context lines) dump info size : 0, source wanted : true
(test : failure with values) dump info size : 115, source wanted : true
(test : nil value test) assert() begins with condition : false
(test : nil value test) dump info size : 38, source wanted : true
(test : failure with disabled source) assert() begins with condition : false
(test : odd values) assert() begins with condition : false
(test : basic failure message) assert() begins with condition : false
(test : odd values) dump info size : 60, source wanted : false
Read 125 lines, Returning context of size 107
(test : basic failure message) dump info size : 0, source wanted : false
--- FAIL: TestAssert_EmptyValues (0.00s)
    assert_test.go:285: (#d706ecd8-cf94-4009-9559-b29470373224)expected non-empty source context. Its ''
--- FAIL: TestAssert_BasicFailure (0.00s)
    assert_test.go:45: expected source context to contain the failing assertion
Read 164 lines, Returning context of size 139
(test : failure with disabled source) dump info size : 0, source wanted : false
--- FAIL: TestAssert_OddNumberOfValues (0.00s)
    assert_test.go:188: expected non-empty source context
Read 253 lines, Returning context of size 106
(test : failure with values)Added source context string of len : 139
(test : nil value test)Added source context string of len : 106
(test : failure with custom context lines)Added source context string of len : 107
(test : This should fail to get caller info) assert() begins with condition : false
(test : This should fail to get caller info) - could not get caller info
(test : this should not panic) assert() begins with condition : true
(test : empty values test : #20eef3e3-3a65-402a-9d2a-d4428bb06c79) assert() begins with condition : false
(test : empty values test : #20eef3e3-3a65-402a-9d2a-d4428bb06c79) dump info size : 100, source wanted : false
(test : failure with values) assert() begins with condition : false
(test : failure with values) dump info size : 115, source wanted : false
(test : failure with disabled source) assert() begins with condition : false
(test : nil value test) assert() begins with condition : false
(test : basic failure message) assert() begins with condition : false
(test : failure with custom context lines) assert() begins with condition : false
(test : odd values) assert() begins with condition : false
(test : odd values) dump info size : 60, source wanted : true
(test : failure with disabled source) dump info size : 0, source wanted : false
(test : basic failure message) dump info size : 0, source wanted : true
(test : failure with custom context lines) dump info size : 0, source wanted : true
Read 195 lines, Returning context of size 128
--- FAIL: TestAssert_WithValues (0.00s)
    assert_test.go:157: expected source context to contain the failing assertion
--- FAIL: TestAssert_EmptyValues (0.00s)
    assert_test.go:285: (#20eef3e3-3a65-402a-9d2a-d4428bb06c79)expected non-empty source context. Its ''
(test : odd values)Added source context string of len : 128
(test : nil value test) dump info size : 38, source wanted : true
Read 87 lines, Returning context of size 102
Read 125 lines, Returning context of size 107
Read 52 lines, Returning context of size 95
(test : failure with disabled source)Added source context string of len : 102
(test : failure with custom context lines)Added source context string of len : 107
(test : basic failure message)Added source context string of len : 95
--- FAIL: TestConfig_DisableSourceContext (0.00s)
    assert_test.go:80: expected empty source context when disabled
Read 253 lines, Returning context of size 106
(test : nil value test)Added source context string of len : 106
(test : This should fail to get caller info) assert() begins with condition : false
(test : This should fail to get caller info) - could not get caller info
(test : this should not panic) assert() begins with condition : true
(test : failure with values) assert() begins with condition : false
(test : empty values test : #beb0873f-db98-4b68-8894-f75a6138fee0) assert() begins with condition : false
(test : failure with disabled source) assert() begins with condition : false
(test : failure with values) dump info size : 115, source wanted : false
(test : basic failure message) assert() begins with condition : false
(test : basic failure message) dump info size : 0, source wanted : false
--- FAIL: TestAssert_WithValues (0.00s)
    assert_test.go:157: expected source context to contain the failing assertion
(test : failure with disabled source) dump info size : 0, source wanted : false
(test : odd values) assert() begins with condition : false
(test : odd values) dump info size : 60, source wanted : true
(test : nil value test) assert() begins with condition : false
(test : nil value test) dump info size : 38, source wanted : true
--- FAIL: TestAssert_BasicFailure (0.00s)
    assert_test.go:45: expected source context to contain the failing assertion
(test : failure with custom context lines) assert() begins with condition : false
(test : failure with custom context lines) dump info size : 0, source wanted : true
Read 195 lines, Returning context of size 128
(test : empty values test : #beb0873f-db98-4b68-8894-f75a6138fee0) dump info size : 100, source wanted : false
Read 253 lines, Returning context of size 106
(test : odd values)Added source context string of len : 128
(test : nil value test)Added source context string of len : 106
Read 125 lines, Returning context of size 107
(test : failure with custom context lines)Added source context string of len : 107
Read 292 lines, Returning context of size 148
(test : empty values test : #beb0873f-db98-4b68-8894-f75a6138fee0)Added source context string of len : 148
(test : This should fail to get caller info) assert() begins with condition : false
(test : This should fail to get caller info) - could not get caller info
(test : this should not panic) assert() begins with condition : true
(test : empty values test : #9a2e07bb-8d71-45dd-9e3b-2136c4c0d47d) assert() begins with condition : false
(test : empty values test : #9a2e07bb-8d71-45dd-9e3b-2136c4c0d47d) dump info size : 100, source wanted : false
--- FAIL: TestAssert_EmptyValues (0.00s)
    assert_test.go:285: (#9a2e07bb-8d71-45dd-9e3b-2136c4c0d47d)expected non-empty source context. Its ''
(test : failure with values) assert() begins with condition : false
(test : nil value test) assert() begins with condition : false
(test : nil value test) dump info size : 38, source wanted : false
(test : failure with custom context lines) assert() begins with condition : false
(test : failure with custom context lines) dump info size : 0, source wanted : true
--- FAIL: TestAssert_NilValues (0.00s)
    assert_test.go:246: expected non-empty source context
(test : failure with values) dump info size : 115, source wanted : false
(test : failure with disabled source) assert() begins with condition : false
(test : failure with disabled source) dump info size : 0, source wanted : false
(test : odd values) assert() begins with condition : false
(test : basic failure message) assert() begins with condition : false
(test : odd values) dump info size : 60, source wanted : true
Read 125 lines, Returning context of size 107
Read 164 lines, Returning context of size 139
(test : basic failure message) dump info size : 0, source wanted : true
(test : failure with values)Added source context string of len : 139
(test : failure with custom context lines)Added source context string of len : 107
Read 195 lines, Returning context of size 128
Read 52 lines, Returning context of size 95
(test : odd values)Added source context string of len : 128
(test : basic failure message)Added source context string of len : 95
(test : This should fail to get caller info) assert() begins with condition : false
(test : This should fail to get caller info) - could not get caller info
(test : this should not panic) assert() begins with condition : true
(test : empty values test : #4311e656-23dc-4ed0-996d-c712373cf933) assert() begins with condition : false
(test : empty values test : #4311e656-23dc-4ed0-996d-c712373cf933) dump info size : 100, source wanted : false
--- FAIL: TestAssert_EmptyValues (0.00s)
    assert_test.go:285: (#4311e656-23dc-4ed0-996d-c712373cf933)expected non-empty source context. Its ''
(test : failure with custom context lines) assert() begins with condition : false
(test : failure with custom context lines) dump info size : 0, source wanted : true
(test : failure with values) assert() begins with condition : false
(test : failure with values) dump info size : 115, source wanted : true
(test : failure with disabled source) assert() begins with condition : false
(test : failure with disabled source) dump info size : 0, source wanted : false
(test : nil value test) assert() begins with condition : false
(test : odd values) assert() begins with condition : false
(test : odd values) dump info size : 60, source wanted : true
Read 164 lines, Returning context of size 139
Read 125 lines, Returning context of size 107
(test : failure with values)Added source context string of len : 139
(test : failure with custom context lines)Added source context string of len : 107
(test : nil value test) dump info size : 38, source wanted : false
--- FAIL: TestAssert_NilValues (0.00s)
    assert_test.go:246: expected non-empty source context
(test : basic failure message) assert() begins with condition : false
(test : basic failure message) dump info size : 0, source wanted : false
--- FAIL: TestAssert_BasicFailure (0.00s)
    assert_test.go:45: expected source context to contain the failing assertion
Read 195 lines, Returning context of size 128
(test : odd values)Added source context string of len : 128
(test : This should fail to get caller info) assert() begins with condition : false
(test : This should fail to get caller info) - could not get caller info
(test : this should not panic) assert() begins with condition : true
(test : empty values test : #1a3d8845-8ba0-4f16-8ca6-171d98a6b8df) assert() begins with condition : false
(test : empty values test : #1a3d8845-8ba0-4f16-8ca6-171d98a6b8df) dump info size : 100, source wanted : false
--- FAIL: TestAssert_EmptyValues (0.00s)
    assert_test.go:285: (#1a3d8845-8ba0-4f16-8ca6-171d98a6b8df)expected non-empty source context. Its ''
(test : nil value test) assert() begins with condition : false
(test : nil value test) dump info size : 38, source wanted : false
--- FAIL: TestAssert_NilValues (0.00s)
    assert_test.go:246: expected non-empty source context
(test : odd values) assert() begins with condition : false
(test : odd values) dump info size : 60, source wanted : false
--- FAIL: TestAssert_OddNumberOfValues (0.00s)
    assert_test.go:188: expected non-empty source context
(test : failure with disabled source) assert() begins with condition : false
(test : failure with disabled source) dump info size : 0, source wanted : true
(test : failure with values) assert() begins with condition : false
(test : failure with values) dump info size : 115, source wanted : true
Read 87 lines, Returning context of size 102
(test : basic failure message) assert() begins with condition : false
(test : basic failure message) dump info size : 0, source wanted : true
(test : failure with disabled source)Added source context string of len : 102
Read 164 lines, Returning context of size 139
(test : failure with custom context lines) assert() begins with condition : false
(test : failure with custom context lines) dump info size : 0, source wanted : true
Read 52 lines, Returning context of size 95
(test : failure with values)Added source context string of len : 139
--- FAIL: TestConfig_DisableSourceContext (0.00s)
    assert_test.go:80: expected empty source context when disabled
--- FAIL: TestConfig_CustomContextLines (0.00s)
    assert_test.go:118: expected 5 lines of context, got 1
(test : basic failure message)Added source context string of len : 95
(test : This should fail to get caller info) assert() begins with condition : false
(test : This should fail to get caller info) - could not get caller info
(test : this should not panic) assert() begins with condition : true
(test : empty values test : #9dd1c392-72ac-4e3f-96df-bd94602579f1) assert() begins with condition : false
(test : empty values test : #9dd1c392-72ac-4e3f-96df-bd94602579f1) dump info size : 100, source wanted : false
--- FAIL: TestAssert_EmptyValues (0.00s)
    assert_test.go:285: (#9dd1c392-72ac-4e3f-96df-bd94602579f1)expected non-empty source context. Its ''
(test : nil value test) assert() begins with condition : false
(test : nil value test) dump info size : 38, source wanted : false
--- FAIL: TestAssert_NilValues (0.00s)
    assert_test.go:246: expected non-empty source context
(test : odd values) assert() begins with condition : false
(test : odd values) dump info size : 60, source wanted : false
--- FAIL: TestAssert_OddNumberOfValues (0.00s)
    assert_test.go:188: expected non-empty source context
(test : failure with values) assert() begins with condition : false
(test : failure with values) dump info size : 115, source wanted : false
--- FAIL: TestAssert_WithValues (0.00s)
    assert_test.go:157: expected source context to contain the failing assertion
(test : failure with custom context lines) assert() begins with condition : false
(test : failure with custom context lines) dump info size : 0, source wanted : true
(test : failure with disabled source) assert() begins with condition : false
(test : failure with disabled source) dump info size : 0, source wanted : false
(test : basic failure message) assert() begins with condition : false
(test : basic failure message) dump info size : 0, source wanted : true
Read 125 lines, Returning context of size 107
(test : failure with custom context lines)Added source context string of len : 107
Read 52 lines, Returning context of size 95
(test : basic failure message)Added source context string of len : 95
(test : This should fail to get caller info) assert() begins with condition : false
(test : This should fail to get caller info) - could not get caller info
(test : nil value test) assert() begins with condition : false
(test : nil value test) dump info size : 38, source wanted : false
(test : odd values) assert() begins with condition : false
(test : odd values) dump info size : 60, source wanted : false
--- FAIL: TestAssert_NilValues (0.00s)
    assert_test.go:246: expected non-empty source context
(test : failure with values) assert() begins with condition : false
(test : failure with values) dump info size : 115, source wanted : true
(test : empty values test : #adcf7dd9-79d1-4e48-b7e1-f9cc1322eff7) assert() begins with condition : false
(test : empty values test : #adcf7dd9-79d1-4e48-b7e1-f9cc1322eff7) dump info size : 100, source wanted : true
Read 164 lines, Returning context of size 139
(test : failure with values)Added source context string of len : 139
(test : failure with custom context lines) assert() begins with condition : false
(test : failure with custom context lines) dump info size : 0, source wanted : true
Read 292 lines, Returning context of size 148
--- FAIL: TestAssert_OddNumberOfValues (0.00s)
    assert_test.go:188: expected non-empty source context
(test : this should not panic) assert() begins with condition : true
(test : basic failure message) assert() begins with condition : false
Read 125 lines, Returning context of size 107
(test : basic failure message) dump info size : 0, source wanted : true
(test : failure with custom context lines)Added source context string of len : 107
(test : empty values test : #adcf7dd9-79d1-4e48-b7e1-f9cc1322eff7)Added source context string of len : 148
(test : failure with disabled source) assert() begins with condition : false
(test : failure with disabled source) dump info size : 0, source wanted : false
Read 52 lines, Returning context of size 95
(test : basic failure message)Added source context string of len : 95
(test : This should fail to get caller info) assert() begins with condition : false
(test : This should fail to get caller info) - could not get caller info
(test : this should not panic) assert() begins with condition : true
(test : odd values) assert() begins with condition : false
(test : failure with values) assert() begins with condition : false
(test : empty values test : #97e7c34a-e83a-41a9-ba5d-b7b3b40b97b6) assert() begins with condition : false
(test : failure with custom context lines) assert() begins with condition : false
(test : basic failure message) assert() begins with condition : false
(test : basic failure message) dump info size : 0, source wanted : true
(test : nil value test) assert() begins with condition : false
(test : odd values) dump info size : 60, source wanted : false
(test : empty values test : #97e7c34a-e83a-41a9-ba5d-b7b3b40b97b6) dump info size : 100, source wanted : true
(test : failure with values) dump info size : 115, source wanted : false
Read 52 lines, Returning context of size 95
(test : failure with custom context lines) dump info size : 0, source wanted : true
Read 164 lines, Returning context of size 139
(test : failure with disabled source) assert() begins with condition : false
(test : failure with disabled source) dump info size : 0, source wanted : true
(test : failure with values)Added source context string of len : 139
Read 195 lines, Returning context of size 128
Read 292 lines, Returning context of size 148
Read 125 lines, Returning context of size 107
Read 87 lines, Returning context of size 102
(test : basic failure message)Added source context string of len : 95
(test : odd values)Added source context string of len : 128
(test : empty values test : #97e7c34a-e83a-41a9-ba5d-b7b3b40b97b6)Added source context string of len : 148
(test : nil value test) dump info size : 38, source wanted : true
(test : failure with disabled source)Added source context string of len : 102
--- FAIL: TestConfig_DisableSourceContext (0.00s)
    assert_test.go:80: expected empty source context when disabled
(test : failure with custom context lines)Added source context string of len : 107
Read 253 lines, Returning context of size 106
(test : nil value test)Added source context string of len : 106
(test : This should fail to get caller info) assert() begins with condition : false
(test : This should fail to get caller info) - could not get caller info
(test : this should not panic) assert() begins with condition : true
(test : empty values test : #e609b9ac-9f02-4b34-9b4b-af6bc400708f) assert() begins with condition : false
(test : empty values test : #e609b9ac-9f02-4b34-9b4b-af6bc400708f) dump info size : 100, source wanted : false
(test : failure with values) assert() begins with condition : false
(test : failure with values) dump info size : 115, source wanted : false
--- FAIL: TestAssert_EmptyValues (0.00s)
    assert_test.go:285: (#e609b9ac-9f02-4b34-9b4b-af6bc400708f)expected non-empty source context. Its ''
(test : failure with custom context lines) assert() begins with condition : false
(test : failure with custom context lines) dump info size : 0, source wanted : true
--- FAIL: TestAssert_WithValues (0.00s)
    assert_test.go:157: expected source context to contain the failing assertion
(test : nil value test) assert() begins with condition : false
(test : failure with disabled source) assert() begins with condition : false
(test : basic failure message) assert() begins with condition : false
(test : basic failure message) dump info size : 0, source wanted : false
Read 125 lines, Returning context of size 107
(test : failure with custom context lines)Added source context string of len : 107
--- FAIL: TestAssert_BasicFailure (0.00s)
    assert_test.go:45: expected source context to contain the failing assertion
(test : nil value test) dump info size : 38, source wanted : false
--- FAIL: TestAssert_NilValues (0.00s)
    assert_test.go:246: expected non-empty source context
(test : odd values) assert() begins with condition : false
(test : odd values) dump info size : 60, source wanted : false
(test : failure with disabled source) dump info size : 0, source wanted : false
--- FAIL: TestAssert_OddNumberOfValues (0.00s)
    assert_test.go:188: expected non-empty source context
(test : This should fail to get caller info) assert() begins with condition : false
(test : This should fail to get caller info) - could not get caller info
(test : this should not panic) assert() begins with condition : true
(test : empty values test : #69caf699-a147-4a3c-99c0-03f9c9212a1a) assert() begins with condition : false
(test : empty values test : #69caf699-a147-4a3c-99c0-03f9c9212a1a) dump info size : 100, source wanted : true
(test : failure with values) assert() begins with condition : false
(test : failure with values) dump info size : 115, source wanted : true
(test : nil value test) assert() begins with condition : false
(test : nil value test) dump info size : 38, source wanted : true
(test : odd values) assert() begins with condition : false
(test : odd values) dump info size : 60, source wanted : true
Read 292 lines, Returning context of size 148
(test : failure with disabled source) assert() begins with condition : false
(test : failure with disabled source) dump info size : 0, source wanted : false
(test : empty values test : #69caf699-a147-4a3c-99c0-03f9c9212a1a)Added source context string of len : 148
Read 253 lines, Returning context of size 106
(test : failure with custom context lines) assert() begins with condition : false
(test : failure with custom context lines) dump info size : 0, source wanted : true
(test : nil value test)Added source context string of len : 106
(test : basic failure message) assert() begins with condition : false
Read 164 lines, Returning context of size 139
(test : basic failure message) dump info size : 0, source wanted : true
(test : failure with values)Added source context string of len : 139
Read 125 lines, Returning context of size 107
Read 195 lines, Returning context of size 128
(test : failure with custom context lines)Added source context string of len : 107
Read 52 lines, Returning context of size 95
(test : odd values)Added source context string of len : 128
(test : basic failure message)Added source context string of len : 95
(test : This should fail to get caller info) assert() begins with condition : false
(test : This should fail to get caller info) - could not get caller info
(test : this should not panic) assert() begins with condition : true
(test : empty values test : #58a42dc0-9386-4171-ab4f-f282f2f300a1) assert() begins with condition : false
(test : empty values test : #58a42dc0-9386-4171-ab4f-f282f2f300a1) dump info size : 100, source wanted : true
(test : failure with values) assert() begins with condition : false
(test : failure with values) dump info size : 115, source wanted : false
(test : nil value test) assert() begins with condition : false
Read 292 lines, Returning context of size 148
(test : basic failure message) assert() begins with condition : false
(test : odd values) assert() begins with condition : false
(test : empty values test : #58a42dc0-9386-4171-ab4f-f282f2f300a1)Added source context string of len : 148
(test : failure with custom context lines) assert() begins with condition : false
(test : failure with custom context lines) dump info size : 0, source wanted : true
Read 164 lines, Returning context of size 139
(test : odd values) dump info size : 60, source wanted : true
Read 125 lines, Returning context of size 107
(test : failure with values)Added source context string of len : 139
(test : failure with disabled source) assert() begins with condition : false
(test : failure with disabled source) dump info size : 0, source wanted : true
(test : failure with custom context lines)Added source context string of len : 107
(test : nil value test) dump info size : 38, source wanted : true
(test : basic failure message) dump info size : 0, source wanted : true
--- FAIL: TestAssert_BasicFailure (0.00s)
    assert_test.go:45: expected source context to contain the failing assertion
Read 195 lines, Returning context of size 128
--- FAIL: TestAssert_NilValues (0.00s)
    assert_test.go:246: expected non-empty source context
Read 87 lines, Returning context of size 102
(test : odd values)Added source context string of len : 128
(test : failure with disabled source)Added source context string of len : 102
--- FAIL: TestConfig_DisableSourceContext (0.00s)
    assert_test.go:80: expected empty source context when disabled
(test : This should fail to get caller info) assert() begins with condition : false
(test : This should fail to get caller info) - could not get caller info
(test : this should not panic) assert() begins with condition : true
(test : empty values test : #7f3398b2-86ac-4400-bfe2-90b5e78dcc78) assert() begins with condition : false
(test : failure with values) assert() begins with condition : false
(test : empty values test : #7f3398b2-86ac-4400-bfe2-90b5e78dcc78) dump info size : 100, source wanted : true
(test : failure with values) dump info size : 115, source wanted : true
(test : failure with disabled source) assert() begins with condition : false
(test : failure with disabled source) dump info size : 0, source wanted : false
(test : failure with custom context lines) assert() begins with condition : false
(test : failure with custom context lines) dump info size : 0, source wanted : true
Read 164 lines, Returning context of size 139
Read 292 lines, Returning context of size 148
(test : nil value test) assert() begins with condition : false
(test : nil value test) dump info size : 38, source wanted : true
(test : empty values test : #7f3398b2-86ac-4400-bfe2-90b5e78dcc78)Added source context string of len : 148
(test : basic failure message) assert() begins with condition : false
(test : failure with values)Added source context string of len : 139
(test : basic failure message) dump info size : 0, source wanted : true
(test : odd values) assert() begins with condition : false
(test : odd values) dump info size : 60, source wanted : true
Read 125 lines, Returning context of size 107
Read 52 lines, Returning context of size 95
(test : failure with custom context lines)Added source context string of len : 107
Read 195 lines, Returning context of size 128
(test : basic failure message)Added source context string of len : 95
Read 253 lines, Returning context of size 106
(test : odd values)Added source context string of len : 128
(test : nil value test)Added source context string of len : 106
(test : This should fail to get caller info) assert() begins with condition : false
(test : This should fail to get caller info) - could not get caller info
(test : this should not panic) assert() begins with condition : true
(test : failure with values) assert() begins with condition : false
(test : failure with values) dump info size : 115, source wanted : true
(test : empty values test : #7f2a64d7-13de-47e0-8ca9-666001323df0) assert() begins with condition : false
(test : empty values test : #7f2a64d7-13de-47e0-8ca9-666001323df0) dump info size : 100, source wanted : true
(test : nil value test) assert() begins with condition : false
(test : nil value test) dump info size : 38, source wanted : true
(test : failure with disabled source) assert() begins with condition : false
(test : basic failure message) assert() begins with condition : false
(test : basic failure message) dump info size : 0, source wanted : true
Read 164 lines, Returning context of size 139
(test : failure with custom context lines) assert() begins with condition : false
(test : failure with custom context lines) dump info size : 0, source wanted : true
(test : failure with values)Added source context string of len : 139
(test : failure with disabled source) dump info size : 0, source wanted : true
Read 52 lines, Returning context of size 95
Read 125 lines, Returning context of size 107
Read 253 lines, Returning context of size 106
(test : basic failure message)Added source context string of len : 95
(test : odd values) assert() begins with condition : false
(test : odd values) dump info size : 60, source wanted : true
(test : nil value test)Added source context string of len : 106
(test : failure with custom context lines)Added source context string of len : 107
Read 87 lines, Returning context of size 102
Read 195 lines, Returning context of size 128
(test : failure with disabled source)Added source context string of len : 102
(test : odd values)Added source context string of len : 128
--- FAIL: TestConfig_DisableSourceContext (0.00s)
    assert_test.go:80: expected empty source context when disabled
Read 292 lines, Returning context of size 148
(test : empty values test : #7f2a64d7-13de-47e0-8ca9-666001323df0)Added source context string of len : 148
(test : This should fail to get caller info) assert() begins with condition : false
(test : This should fail to get caller info) - could not get caller info
(test : this should not panic) assert() begins with condition : true
(test : empty values test : #871afa69-3c65-4c48-b25d-c617033f47c7) assert() begins with condition : false
(test : empty values test : #871afa69-3c65-4c48-b25d-c617033f47c7) dump info size : 100, source wanted : true
(test : failure with values) assert() begins with condition : false
(test : failure with values) dump info size : 115, source wanted : true
(test : failure with disabled source) assert() begins with condition : false
(test : failure with disabled source) dump info size : 0, source wanted : false
(test : failure with custom context lines) assert() begins with condition : false
Read 164 lines, Returning context of size 139
Read 292 lines, Returning context of size 148
(test : odd values) assert() begins with condition : false
(test : nil value test) assert() begins with condition : false
(test : failure with values)Added source context string of len : 139
(test : odd values) dump info size : 60, source wanted : true
(test : basic failure message) assert() begins with condition : false
(test : basic failure message) dump info size : 0, source wanted : true
(test : nil value test) dump info size : 38, source wanted : true
Read 195 lines, Returning context of size 128
(test : failure with custom context lines) dump info size : 0, source wanted : true
Read 52 lines, Returning context of size 95
(test : empty values test : #871afa69-3c65-4c48-b25d-c617033f47c7)Added source context string of len : 148
Read 253 lines, Returning context of size 106
(test : basic failure message)Added source context string of len : 95
(test : odd values)Added source context string of len : 128
Read 125 lines, Returning context of size 107
(test : nil value test)Added source context string of len : 106
(test : failure with custom context lines)Added source context string of len : 107
(test : This should fail to get caller info) assert() begins with condition : false
(test : This should fail to get caller info) - could not get caller info
(test : this should not panic) assert() begins with condition : true
(test : empty values test : #3a847225-4a2f-41e9-b233-5d77389a6497) assert() begins with condition : false
(test : empty values test : #3a847225-4a2f-41e9-b233-5d77389a6497) dump info size : 100, source wanted : true
(test : failure with values) assert() begins with condition : false
(test : failure with values) dump info size : 115, source wanted : true
(test : nil value test) assert() begins with condition : false
(test : nil value test) dump info size : 38, source wanted : true
(test : failure with disabled source) assert() begins with condition : false
(test : odd values) assert() begins with condition : false
(test : failure with custom context lines) assert() begins with condition : false
--- FAIL: TestAssert_NilValues (0.00s)
    assert_test.go:246: expected non-empty source context
(test : odd values) dump info size : 60, source wanted : true
(test : failure with disabled source) dump info size : 0, source wanted : false
(test : failure with custom context lines) dump info size : 0, source wanted : true
(test : basic failure message) assert() begins with condition : false
(test : basic failure message) dump info size : 0, source wanted : true
Read 292 lines, Returning context of size 148
Read 87 lines, Returning context of size 102
(test : empty values test : #3a847225-4a2f-41e9-b233-5d77389a6497)Added source context string of len : 148
Read 164 lines, Returning context of size 139
(test : failure with disabled source)Added source context string of len : 102
Read 195 lines, Returning context of size 128
(test : failure with values)Added source context string of len : 139
Read 52 lines, Returning context of size 95
(test : odd values)Added source context string of len : 128
(test : basic failure message)Added source context string of len : 95
--- FAIL: TestConfig_DisableSourceContext (0.00s)
    assert_test.go:80: expected empty source context when disabled
Read 125 lines, Returning context of size 107
(test : failure with custom context lines)Added source context string of len : 107
(test : This should fail to get caller info) assert() begins with condition : false
(test : This should fail to get caller info) - could not get caller info
(test : this should not panic) assert() begins with condition : true
(test : empty values test : #3b6f91a1-0fe4-4ee3-8575-917a86f9e8de) assert() begins with condition : false
(test : empty values test : #3b6f91a1-0fe4-4ee3-8575-917a86f9e8de) dump info size : 100, source wanted : false
--- FAIL: TestAssert_EmptyValues (0.00s)
    assert_test.go:285: (#3b6f91a1-0fe4-4ee3-8575-917a86f9e8de)expected non-empty source context. Its ''
(test : failure with values) assert() begins with condition : false
(test : failure with values) dump info size : 115, source wanted : true
(test : nil value test) assert() begins with condition : false
(test : nil value test) dump info size : 38, source wanted : true
(test : failure with custom context lines) assert() begins with condition : false
(test : failure with custom context lines) dump info size : 0, source wanted : true
Read 164 lines, Returning context of size 139
(test : basic failure message) assert() begins with condition : false
(test : basic failure message) dump info size : 0, source wanted : true
(test : failure with values)Added source context string of len : 139
Read 253 lines, Returning context of size 106
Read 125 lines, Returning context of size 107
(test : odd values) assert() begins with condition : false
(test : odd values) dump info size : 60, source wanted : true
(test : failure with disabled source) assert() begins with condition : false
(test : failure with disabled source) dump info size : 0, source wanted : true
(test : nil value test)Added source context string of len : 106
(test : failure with custom context lines)Added source context string of len : 107
Read 195 lines, Returning context of size 128
Read 87 lines, Returning context of size 102
(test : odd values)Added source context string of len : 128
Read 52 lines, Returning context of size 95
(test : failure with disabled source)Added source context string of len : 102
(test : basic failure message)Added source context string of len : 95
--- FAIL: TestConfig_DisableSourceContext (0.00s)
    assert_test.go:80: expected empty source context when disabled
(test : This should fail to get caller info) assert() begins with condition : false
(test : This should fail to get caller info) - could not get caller info
(test : this should not panic) assert() begins with condition : true
(test : failure with values) assert() begins with condition : false
(test : odd values) assert() begins with condition : false
(test : failure with disabled source) assert() begins with condition : false
(test : failure with disabled source) dump info size : 0, source wanted : false
(test : odd values) dump info size : 60, source wanted : false
(test : nil value test) assert() begins with condition : false
(test : nil value test) dump info size : 38, source wanted : true
(test : basic failure message) assert() begins with condition : false
(test : basic failure message) dump info size : 0, source wanted : true
(test : failure with custom context lines) assert() begins with condition : false
(test : failure with custom context lines) dump info size : 0, source wanted : true
Read 195 lines, Returning context of size 128
(test : odd values)Added source context string of len : 128
(test : empty values test : #9a64c8cf-7b91-4f6c-92e8-965e6dc65fed) assert() begins with condition : false
(test : empty values test : #9a64c8cf-7b91-4f6c-92e8-965e6dc65fed) dump info size : 100, source wanted : true
Read 52 lines, Returning context of size 95
Read 125 lines, Returning context of size 107
(test : basic failure message)Added source context string of len : 95
Read 253 lines, Returning context of size 106
(test : failure with values) dump info size : 115, source wanted : false
(test : failure with custom context lines)Added source context string of len : 107
Read 292 lines, Returning context of size 148
Read 164 lines, Returning context of size 139
(test : empty values test : #9a64c8cf-7b91-4f6c-92e8-965e6dc65fed)Added source context string of len : 148
(test : nil value test)Added source context string of len : 106
(test : failure with values)Added source context string of len : 139
(test : This should fail to get caller info) assert() begins with condition : false
(test : This should fail to get caller info) - could not get caller info
(test : this should not panic) assert() begins with condition : true
(test : empty values test : #ecc07b85-2aad-49ee-adbd-b22a866a1487) assert() begins with condition : false
(test : empty values test : #ecc07b85-2aad-49ee-adbd-b22a866a1487) dump info size : 100, source wanted : false
(test : failure with values) assert() begins with condition : false
--- FAIL: TestAssert_EmptyValues (0.00s)
    assert_test.go:285: (#ecc07b85-2aad-49ee-adbd-b22a866a1487)expected non-empty source context. Its ''
(test : failure with custom context lines) assert() begins with condition : false
(test : failure with values) dump info size : 115, source wanted : true
(test : failure with disabled source) assert() begins with condition : false
(test : failure with disabled source) dump info size : 0, source wanted : false
(test : basic failure message) assert() begins with condition : false
(test : basic failure message) dump info size : 0, source wanted : true
(test : nil value test) assert() begins with condition : false
(test : failure with custom context lines) dump info size : 0, source wanted : true
(test : nil value test) dump info size : 38, source wanted : true
Read 164 lines, Returning context of size 139
Read 52 lines, Returning context of size 95
(test : failure with values)Added source context string of len : 139
(test : odd values) assert() begins with condition : false
(test : odd values) dump info size : 60, source wanted : true
(test : basic failure message)Added source context string of len : 95
Read 125 lines, Returning context of size 107
(test : failure with custom context lines)Added source context string of len : 107
Read 253 lines, Returning context of size 106
Read 195 lines, Returning context of size 128
(test : nil value test)Added source context string of len : 106
(test : odd values)Added source context string of len : 128
(test : This should fail to get caller info) assert() begins with condition : false
(test : This should fail to get caller info) - could not get caller info
(test : this should not panic) assert() begins with condition : true
(test : failure with values) assert() begins with condition : false
(test : failure with values) dump info size : 115, source wanted : false
(test : empty values test : #6e971f94-f473-4be3-90dc-c2e5bd910564) assert() begins with condition : false
(test : empty values test : #6e971f94-f473-4be3-90dc-c2e5bd910564) dump info size : 100, source wanted : false
--- FAIL: TestAssert_WithValues (0.00s)
    assert_test.go:157: expected source context to contain the failing assertion
(test : odd values) assert() begins with condition : false
(test : failure with disabled source) assert() begins with condition : false
(test : failure with custom context lines) assert() begins with condition : false
(test : basic failure message) assert() begins with condition : false
(test : failure with disabled source) dump info size : 0, source wanted : true
(test : failure with custom context lines) dump info size : 0, source wanted : true
(test : odd values) dump info size : 60, source wanted : false
Read 87 lines, Returning context of size 102
--- FAIL: TestAssert_EmptyValues (0.00s)
    assert_test.go:285: (#6e971f94-f473-4be3-90dc-c2e5bd910564)expected non-empty source context. Its ''
(test : nil value test) assert() begins with condition : false
Read 125 lines, Returning context of size 107
Read 195 lines, Returning context of size 128
(test : basic failure message) dump info size : 0, source wanted : true
(test : failure with custom context lines)Added source context string of len : 107
(test : failure with disabled source)Added source context string of len : 102
(test : nil value test) dump info size : 38, source wanted : true
(test : odd values)Added source context string of len : 128
--- FAIL: TestConfig_DisableSourceContext (0.00s)
    assert_test.go:80: expected empty source context when disabled
--- FAIL: TestAssert_NilValues (0.00s)
    assert_test.go:246: expected non-empty source context
Read 52 lines, Returning context of size 95
(test : basic failure message)Added source context string of len : 95
(test : This should fail to get caller info) assert() begins with condition : false
(test : This should fail to get caller info) - could not get caller info
(test : this should not panic) assert() begins with condition : true
(test : empty values test : #d3336c21-0808-45cc-aa95-a674c35fbf20) assert() begins with condition : false
(test : empty values test : #d3336c21-0808-45cc-aa95-a674c35fbf20) dump info size : 100, source wanted : false
(test : failure with values) assert() begins with condition : false
(test : failure with values) dump info size : 115, source wanted : false
(test : failure with custom context lines) assert() begins with condition : false
(test : failure with custom context lines) dump info size : 0, source wanted : true
(test : failure with disabled source) assert() begins with condition : false
(test : basic failure message) assert() begins with condition : false
(test : failure with disabled source) dump info size : 0, source wanted : false
(test : basic failure message) dump info size : 0, source wanted : false
(test : odd values) assert() begins with condition : false
--- FAIL: TestAssert_EmptyValues (0.00s)
    assert_test.go:285: (#d3336c21-0808-45cc-aa95-a674c35fbf20)expected non-empty source context. Its ''
(test : odd values) dump info size : 60, source wanted : true
Read 164 lines, Returning context of size 139
Read 125 lines, Returning context of size 107
(test : nil value test) assert() begins with condition : false
(test : nil value test) dump info size : 38, source wanted : true
(test : failure with values)Added source context string of len : 139
(test : failure with custom context lines)Added source context string of len : 107
Read 195 lines, Returning context of size 128
Read 253 lines, Returning context of size 106
Read 52 lines, Returning context of size 95
(test : odd values)Added source context string of len : 128
(test : basic failure message)Added source context string of len : 95
(test : nil value test)Added source context string of len : 106
(test : This should fail to get caller info) assert() begins with condition : false
(test : This should fail to get caller info) - could not get caller info
(test : this should not panic) assert() begins with condition : true
(test : empty values test : #d0f58874-dc9c-42de-8565-5c31ccbb9d82) assert() begins with condition : false
(test : empty values test : #d0f58874-dc9c-42de-8565-5c31ccbb9d82) dump info size : 100, source wanted : false
(test : failure with values) assert() begins with condition : false
--- FAIL: TestAssert_EmptyValues (0.00s)
    assert_test.go:285: (#d0f58874-dc9c-42de-8565-5c31ccbb9d82)expected non-empty source context. Its ''
(test : failure with values) dump info size : 115, source wanted : false
(test : failure with disabled source) assert() begins with condition : false
(test : failure with disabled source) dump info size : 0, source wanted : false
(test : failure with custom context lines) assert() begins with condition : false
--- FAIL: TestAssert_WithValues (0.00s)
    assert_test.go:157: expected source context to contain the failing assertion
(test : nil value test) assert() begins with condition : false
(test : odd values) assert() begins with condition : false
(test : odd values) dump info size : 60, source wanted : true
(test : failure with custom context lines) dump info size : 0, source wanted : true
(test : basic failure message) assert() begins with condition : false
(test : basic failure message) dump info size : 0, source wanted : true
(test : nil value test) dump info size : 38, source wanted : true
Read 125 lines, Returning context of size 107
Read 195 lines, Returning context of size 128
(test : failure with custom context lines)Added source context string of len : 107
Read 253 lines, Returning context of size 106
(test : nil value test)Added source context string of len : 106
Read 52 lines, Returning context of size 95
(test : odd values)Added source context string of len : 128
(test : basic failure message)Added source context string of len : 95
(test : This should fail to get caller info) assert() begins with condition : false
(test : This should fail to get caller info) - could not get caller info
(test : this should not panic) assert() begins with condition : true
(test : empty values test : #1403d081-6072-4774-962f-23f665545ddf) assert() begins with condition : false
(test : empty values test : #1403d081-6072-4774-962f-23f665545ddf) dump info size : 100, source wanted : false
(test : failure with values) assert() begins with condition : false
(test : failure with values) dump info size : 115, source wanted : false
--- FAIL: TestAssert_EmptyValues (0.00s)
    assert_test.go:285: (#1403d081-6072-4774-962f-23f665545ddf)expected non-empty source context. Its ''
(test : failure with custom context lines) assert() begins with condition : false
(test : failure with custom context lines) dump info size : 0, source wanted : true
--- FAIL: TestAssert_WithValues (0.00s)
    assert_test.go:157: expected source context to contain the failing assertion
(test : failure with disabled source) assert() begins with condition : false
(test : failure with disabled source) dump info size : 0, source wanted : false
(test : nil value test) assert() begins with condition : false
(test : odd values) assert() begins with condition : false
(test : odd values) dump info size : 60, source wanted : true
(test : nil value test) dump info size : 38, source wanted : true
(test : basic failure message) assert() begins with condition : false
(test : basic failure message) dump info size : 0, source wanted : true
Read 195 lines, Returning context of size 128
Read 125 lines, Returning context of size 107
Read 253 lines, Returning context of size 106
(test : nil value test)Added source context string of len : 106
Read 52 lines, Returning context of size 95
(test : failure with custom context lines)Added source context string of len : 107
(test : odd values)Added source context string of len : 128
(test : basic failure message)Added source context string of len : 95
(test : This should fail to get caller info) assert() begins with condition : false
(test : This should fail to get caller info) - could not get caller info
(test : this should not panic) assert() begins with condition : true
(test : empty values test : #5f530b24-d30a-4182-ac6b-26777b337824) assert() begins with condition : false
(test : empty values test : #5f530b24-d30a-4182-ac6b-26777b337824) dump info size : 100, source wanted : false
--- FAIL: TestAssert_EmptyValues (0.00s)
    assert_test.go:285: (#5f530b24-d30a-4182-ac6b-26777b337824)expected non-empty source context. Its ''
(test : failure with custom context lines) assert() begins with condition : false
(test : failure with custom context lines) dump info size : 0, source wanted : true
(test : failure with values) assert() begins with condition : false
(test : failure with values) dump info size : 115, source wanted : true
(test : nil value test) assert() begins with condition : false
(test : nil value test) dump info size : 38, source wanted : true
Read 125 lines, Returning context of size 107
(test : basic failure message) assert() begins with condition : false
(test : odd values) assert() begins with condition : false
Read 164 lines, Returning context of size 139
(test : odd values) dump info size : 60, source wanted : false
(test : basic failure message) dump info size : 0, source wanted : false
(test : failure with custom context lines)Added source context string of len : 107
--- FAIL: TestAssert_OddNumberOfValues (0.00s)
    assert_test.go:188: expected non-empty source context
(test : failure with values)Added source context string of len : 139
--- FAIL: TestAssert_BasicFailure (0.00s)
    assert_test.go:45: expected source context to contain the failing assertion
(test : failure with disabled source) assert() begins with condition : false
(test : failure with disabled source) dump info size : 0, source wanted : false
Read 253 lines, Returning context of size 106
(test : nil value test)Added source context string of len : 106
(test : This should fail to get caller info) assert() begins with condition : false
(test : This should fail to get caller info) - could not get caller info
(test : empty values test : #58cecde1-c904-450a-858c-49dfaefb8a8a) assert() begins with condition : false
(test : empty values test : #58cecde1-c904-450a-858c-49dfaefb8a8a) dump info size : 100, source wanted : true
(test : this should not panic) assert() begins with condition : true
(test : nil value test) assert() begins with condition : false
(test : nil value test) dump info size : 38, source wanted : true
(test : failure with values) assert() begins with condition : false
(test : failure with custom context lines) assert() begins with condition : false
(test : failure with values) dump info size : 115, source wanted : true
Read 292 lines, Returning context of size 148
(test : odd values) assert() begins with condition : false
(test : failure with custom context lines) dump info size : 0, source wanted : true
(test : empty values test : #58cecde1-c904-450a-858c-49dfaefb8a8a)Added source context string of len : 148
(test : failure with disabled source) assert() begins with condition : false
(test : failure with disabled source) dump info size : 0, source wanted : true
Read 253 lines, Returning context of size 106
(test : odd values) dump info size : 60, source wanted : true
Read 164 lines, Returning context of size 139
(test : nil value test)Added source context string of len : 106
Read 87 lines, Returning context of size 102
Read 125 lines, Returning context of size 107
(test : basic failure message) assert() begins with condition : false
(test : basic failure message) dump info size : 0, source wanted : true
Read 195 lines, Returning context of size 128
(test : failure with values)Added source context string of len : 139
(test : failure with custom context lines)Added source context string of len : 107
(test : failure with disabled source)Added source context string of len : 102
Read 52 lines, Returning context of size 95
(test : odd values)Added source context string of len : 128
(test : basic failure message)Added source context string of len : 95
--- FAIL: TestConfig_DisableSourceContext (0.00s)
    assert_test.go:80: expected empty source context when disabled
(test : This should fail to get caller info) assert() begins with condition : false
(test : This should fail to get caller info) - could not get caller info
(test : this should not panic) assert() begins with condition : true
(test : failure with values) assert() begins with condition : false
(test : odd values) assert() begins with condition : false
(test : failure with custom context lines) assert() begins with condition : false
(test : empty values test : #5189989d-b1c1-42b2-9f39-96b2615d23c7) assert() begins with condition : false
(test : basic failure message) assert() begins with condition : false
(test : basic failure message) dump info size : 0, source wanted : false
--- FAIL: TestAssert_BasicFailure (0.00s)
    assert_test.go:45: expected source context to contain the failing assertion
(test : failure with disabled source) assert() begins with condition : false
(test : failure with disabled source) dump info size : 0, source wanted : false
(test : empty values test : #5189989d-b1c1-42b2-9f39-96b2615d23c7) dump info size : 100, source wanted : false
(test : nil value test) assert() begins with condition : false
(test : nil value test) dump info size : 38, source wanted : true
(test : failure with custom context lines) dump info size : 0, source wanted : true
(test : odd values) dump info size : 60, source wanted : true
Read 292 lines, Returning context of size 148
Read 253 lines, Returning context of size 106
(test : empty values test : #5189989d-b1c1-42b2-9f39-96b2615d23c7)Added source context string of len : 148
Read 195 lines, Returning context of size 128
(test : failure with values) dump info size : 115, source wanted : true
(test : nil value test)Added source context string of len : 106
(test : odd values)Added source context string of len : 128
Read 125 lines, Returning context of size 107
(test : failure with custom context lines)Added source context string of len : 107
Read 164 lines, Returning context of size 139
(test : failure with values)Added source context string of len : 139
(test : This should fail to get caller info) assert() begins with condition : false
(test : This should fail to get caller info) - could not get caller info
(test : this should not panic) assert() begins with condition : true
(test : empty values test : #08bc14e2-43ad-4ebd-9e7b-70caa6c3e45b) assert() begins with condition : false
(test : failure with values) assert() begins with condition : false
(test : failure with disabled source) assert() begins with condition : false
(test : failure with disabled source) dump info size : 0, source wanted : false
(test : failure with values) dump info size : 115, source wanted : false
(test : failure with custom context lines) assert() begins with condition : false
(test : failure with custom context lines) dump info size : 0, source wanted : true
(test : nil value test) assert() begins with condition : false
(test : nil value test) dump info size : 38, source wanted : true
(test : basic failure message) assert() begins with condition : false
(test : basic failure message) dump info size : 0, source wanted : true
Read 164 lines, Returning context of size 139
(test : empty values test : #08bc14e2-43ad-4ebd-9e7b-70caa6c3e45b) dump info size : 100, source wanted : true
(test : failure with values)Added source context string of len : 139
Read 125 lines, Returning context of size 107
(test : odd values) assert() begins with condition : false
Read 52 lines, Returning context of size 95
(test : basic failure message)Added source context string of len : 95
(test : failure with custom context lines)Added source context string of len : 107
(test : odd values) dump info size : 60, source wanted : true
Read 253 lines, Returning context of size 106
Read 292 lines, Returning context of size 148
(test : nil value test)Added source context string of len : 106
(test : empty values test : #08bc14e2-43ad-4ebd-9e7b-70caa6c3e45b)Added source context string of len : 148
Read 195 lines, Returning context of size 128
(test : odd values)Added source context string of len : 128
(test : This should fail to get caller info) assert() begins with condition : false
(test : This should fail to get caller info) - could not get caller info
(test : this should not panic) assert() begins with condition : true
(test : failure with values) assert() begins with condition : false
(test : empty values test : #e2cc4184-c456-461f-94a4-fbe7758c6649) assert() begins with condition : false
(test : odd values) assert() begins with condition : false
(test : nil value test) assert() begins with condition : false
(test : failure with custom context lines) assert() begins with condition : false
(test : failure with disabled source) assert() begins with condition : false
(test : failure with disabled source) dump info size : 0, source wanted : false
(test : nil value test) dump info size : 38, source wanted : true
(test : empty values test : #e2cc4184-c456-461f-94a4-fbe7758c6649) dump info size : 100, source wanted : true
(test : failure with values) dump info size : 115, source wanted : true
(test : odd values) dump info size : 60, source wanted : true
Read 253 lines, Returning context of size 106
(test : basic failure message) assert() begins with condition : false
(test : basic failure message) dump info size : 0, source wanted : true
(test : nil value test)Added source context string of len : 106
(test : failure with custom context lines) dump info size : 0, source wanted : false
Read 292 lines, Returning context of size 148
Read 164 lines, Returning context of size 139
Read 52 lines, Returning context of size 95
(test : empty values test : #e2cc4184-c456-461f-94a4-fbe7758c6649)Added source context string of len : 148
Read 195 lines, Returning context of size 128
Read 125 lines, Returning context of size 107
(test : failure with values)Added source context string of len : 139
(test : basic failure message)Added source context string of len : 95
(test : odd values)Added source context string of len : 128
(test : failure with custom context lines)Added source context string of len : 107
(test : This should fail to get caller info) assert() begins with condition : false
(test : This should fail to get caller info) - could not get caller info
(test : this should not panic) assert() begins with condition : true
(test : nil value test) assert() begins with condition : false
(test : failure with custom context lines) assert() begins with condition : false
(test : failure with custom context lines) dump info size : 0, source wanted : true
(test : failure with values) assert() begins with condition : false
(test : basic failure message) assert() begins with condition : false
(test : basic failure message) dump info size : 0, source wanted : false
(test : nil value test) dump info size : 38, source wanted : true
(test : empty values test : #4b0d0647-9306-404d-b215-cd90a59bbbd2) assert() begins with condition : false
--- FAIL: TestAssert_NilValues (0.00s)
    assert_test.go:246: expected non-empty source context
--- FAIL: TestAssert_BasicFailure (0.00s)
    assert_test.go:45: expected source context to contain the failing assertion
Read 125 lines, Returning context of size 107
(test : failure with disabled source) assert() begins with condition : false
(test : failure with disabled source) dump info size : 0, source wanted : false
(test : empty values test : #4b0d0647-9306-404d-b215-cd90a59bbbd2) dump info size : 100, source wanted : false
(test : failure with values) dump info size : 115, source wanted : true
Read 292 lines, Returning context of size 148
(test : odd values) assert() begins with condition : false
(test : odd values) dump info size : 60, source wanted : true
Read 164 lines, Returning context of size 139
(test : failure with custom context lines)Added source context string of len : 107
(test : empty values test : #4b0d0647-9306-404d-b215-cd90a59bbbd2)Added source context string of len : 148
(test : failure with values)Added source context string of len : 139
Read 195 lines, Returning context of size 128
(test : odd values)Added source context string of len : 128
(test : This should fail to get caller info) assert() begins with condition : false
(test : This should fail to get caller info) - could not get caller info
(test : this should not panic) assert() begins with condition : true
(test : odd values) assert() begins with condition : false
(test : odd values) dump info size : 60, source wanted : true
(test : nil value test) assert() begins with condition : false
(test : nil value test) dump info size : 38, source wanted : true
(test : failure with disabled source) assert() begins with condition : false
(test : failure with disabled source) dump info size : 0, source wanted : false
(test : failure with custom context lines) assert() begins with condition : false
(test : failure with values) assert() begins with condition : false
(test : basic failure message) assert() begins with condition : false
(test : basic failure message) dump info size : 0, source wanted : true
(test : failure with custom context lines) dump info size : 0, source wanted : true
Read 195 lines, Returning context of size 128
Read 253 lines, Returning context of size 106
(test : odd values)Added source context string of len : 128
(test : failure with values) dump info size : 115, source wanted : true
(test : nil value test)Added source context string of len : 106
Read 125 lines, Returning context of size 107
Read 164 lines, Returning context of size 139
(test : failure with custom context lines)Added source context string of len : 107
(test : failure with values)Added source context string of len : 139
(test : empty values test : #be9a8e73-39cd-4961-8e26-312bc3b3df2b) assert() begins with condition : false
(test : empty values test : #be9a8e73-39cd-4961-8e26-312bc3b3df2b) dump info size : 100, source wanted : true
Read 52 lines, Returning context of size 95
(test : basic failure message)Added source context string of len : 95
Read 292 lines, Returning context of size 148
(test : empty values test : #be9a8e73-39cd-4961-8e26-312bc3b3df2b)Added source context string of len : 148
(test : This should fail to get caller info) assert() begins with condition : false
(test : This should fail to get caller info) - could not get caller info
(test : this should not panic) assert() begins with condition : true
(test : empty values test : #79af6056-ad84-4afa-960c-24c1c5a97f0a) assert() begins with condition : false
(test : empty values test : #79af6056-ad84-4afa-960c-24c1c5a97f0a) dump info size : 100, source wanted : true
(test : failure with values) assert() begins with condition : false
(test : failure with values) dump info size : 115, source wanted : true
(test : failure with disabled source) assert() begins with condition : false
(test : failure with disabled source) dump info size : 0, source wanted : false
Read 292 lines, Returning context of size 148
(test : basic failure message) assert() begins with condition : false
(test : basic failure message) dump info size : 0, source wanted : true
(test : nil value test) assert() begins with condition : false
(test : odd values) assert() begins with condition : false
Read 52 lines, Returning context of size 95
(test : odd values) dump info size : 60, source wanted : true
(test : basic failure message)Added source context string of len : 95
(test : failure with custom context lines) assert() begins with condition : false
(test : failure with custom context lines) dump info size : 0, source wanted : true
Read 164 lines, Returning context of size 139
(test : failure with values)Added source context string of len : 139
(test : empty values test : #79af6056-ad84-4afa-960c-24c1c5a97f0a)Added source context string of len : 148
Read 195 lines, Returning context of size 128
(test : nil value test) dump info size : 38, source wanted : true
Read 125 lines, Returning context of size 107
(test : odd values)Added source context string of len : 128
(test : failure with custom context lines)Added source context string of len : 107
Read 253 lines, Returning context of size 106
(test : nil value test)Added source context string of len : 106
(test : This should fail to get caller info) assert() begins with condition : false
(test : This should fail to get caller info) - could not get caller info
(test : this should not panic) assert() begins with condition : true
(test : failure with values) assert() begins with condition : false
(test : odd values) assert() begins with condition : false
(test : failure with custom context lines) assert() begins with condition : false
(test : odd values) dump info size : 60, source wanted : true
(test : failure with disabled source) assert() begins with condition : false
(test : failure with disabled source) dump info size : 0, source wanted : false
(test : basic failure message) assert() begins with condition : false
(test : basic failure message) dump info size : 0, source wanted : true
--- FAIL: TestAssert_OddNumberOfValues (0.00s)
    assert_test.go:188: expected non-empty source context
(test : failure with values) dump info size : 115, source wanted : true
(test : failure with custom context lines) dump info size : 0, source wanted : true
(test : empty values test : #89ed2c48-2821-4bac-ad45-67efdbea75a2) assert() begins with condition : false
(test : empty values test : #89ed2c48-2821-4bac-ad45-67efdbea75a2) dump info size : 100, source wanted : true
Read 52 lines, Returning context of size 95
Read 125 lines, Returning context of size 107
(test : basic failure message)Added source context string of len : 95
Read 164 lines, Returning context of size 139
(test : nil value test) assert() begins with condition : false
(test : failure with custom context lines)Added source context string of len : 107
Read 292 lines, Returning context of size 148
(test : nil value test) dump info size : 38, source wanted : true
(test : failure with values)Added source context string of len : 139
(test : empty values test : #89ed2c48-2821-4bac-ad45-67efdbea75a2)Added source context string of len : 148
Read 253 lines, Returning context of size 106
(test : nil value test)Added source context string of len : 106
(test : This should fail to get caller info) assert() begins with condition : false
(test : This should fail to get caller info) - could not get caller info
(test : this should not panic) assert() begins with condition : true
(test : empty values test : #acda8e8a-4a0d-4587-b946-f715d84808a3) assert() begins with condition : false
(test : empty values test : #acda8e8a-4a0d-4587-b946-f715d84808a3) dump info size : 100, source wanted : true
(test : failure with values) assert() begins with condition : false
(test : failure with values) dump info size : 115, source wanted : true
(test : failure with disabled source) assert() begins with condition : false
(test : failure with disabled source) dump info size : 0, source wanted : false
(test : nil value test) assert() begins with condition : false
(test : odd values) assert() begins with condition : false
Read 292 lines, Returning context of size 148
Read 164 lines, Returning context of size 139
(test : empty values test : #acda8e8a-4a0d-4587-b946-f715d84808a3)Added source context string of len : 148
(test : odd values) dump info size : 60, source wanted : true
(test : nil value test) dump info size : 38, source wanted : true
(test : basic failure message) assert() begins with condition : false
(test : basic failure message) dump info size : 0, source wanted : true
Read 253 lines, Returning context of size 106
(test : failure with values)Added source context string of len : 139
Read 195 lines, Returning context of size 128
(test : nil value test)Added source context string of len : 106
(test : failure with custom context lines) assert() begins with condition : false
Read 52 lines, Returning context of size 95
(test : failure with custom context lines) dump info size : 0, source wanted : true
(test : basic failure message)Added source context string of len : 95
(test : odd values)Added source context string of len : 128
Read 125 lines, Returning context of size 107
(test : failure with custom context lines)Added source context string of len : 107
(test : This should fail to get caller info) assert() begins with condition : false
(test : This should fail to get caller info) - could not get caller info
(test : this should not panic) assert() begins with condition : true
(test : empty values test : #e486329a-d400-4471-af92-c47406a8a793) assert() begins with condition : false
(test : empty values test : #e486329a-d400-4471-af92-c47406a8a793) dump info size : 100, source wanted : true
(test : failure with values) assert() begins with condition : false
(test : failure with values) dump info size : 115, source wanted : true
(test : nil value test) assert() begins with condition : false
(test : nil value test) dump info size : 38, source wanted : true
Read 292 lines, Returning context of size 148
(test : odd values) assert() begins with condition : false
(test : odd values) dump info size : 60, source wanted : true
(test : failure with custom context lines) assert() begins with condition : false
(test : failure with custom context lines) dump info size : 0, source wanted : true
(test : basic failure message) assert() begins with condition : false
(test : basic failure message) dump info size : 0, source wanted : true
(test : failure with disabled source) assert() begins with condition : false
(test : failure with disabled source) dump info size : 0, source wanted : true
Read 253 lines, Returning context of size 106
Read 195 lines, Returning context of size 128
(test : empty values test : #e486329a-d400-4471-af92-c47406a8a793)Added source context string of len : 148
(test : nil value test)Added source context string of len : 106
Read 164 lines, Returning context of size 139
(test : odd values)Added source context string of len : 128
--- FAIL: TestConfig_CustomContextLines (0.00s)
    assert_test.go:118: expected 5 lines of context, got 1
Read 87 lines, Returning context of size 102
Read 52 lines, Returning context of size 95
(test : failure with values)Added source context string of len : 139
(test : failure with disabled source)Added source context string of len : 102
(test : basic failure message)Added source context string of len : 95
--- FAIL: TestConfig_DisableSourceContext (0.00s)
    assert_test.go:80: expected empty source context when disabled
(test : This should fail to get caller info) assert() begins with condition : false
(test : This should fail to get caller info) - could not get caller info
(test : this should not panic) assert() begins with condition : true
(test : failure with values) assert() begins with condition : false
(test : odd values) assert() begins with condition : false
(test : odd values) dump info size : 60, source wanted : true
(test : nil value test) assert() begins with condition : false
(test : nil value test) dump info size : 38, source wanted : true
(test : failure with values) dump info size : 115, source wanted : true
(test : failure with custom context lines) assert() begins with condition : false
(test : basic failure message) assert() begins with condition : false
(test : empty values test : #70765baf-04fc-4bdc-bd56-8fad44b74c7a) assert() begins with condition : false
Read 195 lines, Returning context of size 128
(test : basic failure message) dump info size : 0, source wanted : false
Read 253 lines, Returning context of size 106
--- FAIL: TestAssert_BasicFailure (0.00s)
    assert_test.go:45: expected source context to contain the failing assertion
(test : empty values test : #70765baf-04fc-4bdc-bd56-8fad44b74c7a) dump info size : 100, source wanted : false
(test : failure with custom context lines) dump info size : 0, source wanted : false
--- FAIL: TestAssert_EmptyValues (0.00s)
    assert_test.go:285: (#70765baf-04fc-4bdc-bd56-8fad44b74c7a)expected non-empty source context. Its ''
(test : failure with disabled source) assert() begins with condition : false
(test : failure with disabled source) dump info size : 0, source wanted : true
Read 164 lines, Returning context of size 139
(test : odd values)Added source context string of len : 128
--- FAIL: TestConfig_CustomContextLines (0.00s)
    assert_test.go:118: expected 5 lines of context, got 1
(test : failure with values)Added source context string of len : 139
(test : nil value test)Added source context string of len : 106
Read 87 lines, Returning context of size 102
(test : failure with disabled source)Added source context string of len : 102
--- FAIL: TestConfig_DisableSourceContext (0.00s)
    assert_test.go:80: expected empty source context when disabled
(test : This should fail to get caller info) assert() begins with condition : false
(test : This should fail to get caller info) - could not get caller info
(test : this should not panic) assert() begins with condition : true
(test : empty values test : #f24492bf-4b10-45d7-87a7-f74a727e932f) assert() begins with condition : false
(test : empty values test : #f24492bf-4b10-45d7-87a7-f74a727e932f) dump info size : 100, source wanted : true
(test : failure with values) assert() begins with condition : false
(test : failure with values) dump info size : 115, source wanted : true
(test : failure with disabled source) assert() begins with condition : false
(test : failure with disabled source) dump info size : 0, source wanted : false
(test : basic failure message) assert() begins with condition : false
(test : basic failure message) dump info size : 0, source wanted : true
(test : failure with custom context lines) assert() begins with condition : false
(test : failure with custom context lines) dump info size : 0, source wanted : true
(test : odd values) assert() begins with condition : false
Read 292 lines, Returning context of size 148
(test : odd values) dump info size : 60, source wanted : true
(test : nil value test) assert() begins with condition : false
(test : nil value test) dump info size : 38, source wanted : true
(test : empty values test : #f24492bf-4b10-45d7-87a7-f74a727e932f)Added source context string of len : 148
Read 52 lines, Returning context of size 95
Read 125 lines, Returning context of size 107
(test : basic failure message)Added source context string of len : 95
(test : failure with custom context lines)Added source context string of len : 107
Read 195 lines, Returning context of size 128
Read 253 lines, Returning context of size 106
(test : odd values)Added source context string of len : 128
Read 164 lines, Returning context of size 139
(test : nil value test)Added source context string of len : 106
(test : failure with values)Added source context string of len : 139
(test : This should fail to get caller info) assert() begins with condition : false
(test : This should fail to get caller info) - could not get caller info
(test : this should not panic) assert() begins with condition : true
(test : empty values test : #3b307f49-c2d8-467b-b822-648fa12b66fd) assert() begins with condition : false
(test : empty values test : #3b307f49-c2d8-467b-b822-648fa12b66fd) dump info size : 100, source wanted : true
(test : failure with values) assert() begins with condition : false
(test : failure with values) dump info size : 115, source wanted : true
(test : basic failure message) assert() begins with condition : false
(test : odd values) assert() begins with condition : false
(test : odd values) dump info size : 60, source wanted : true
Read 292 lines, Returning context of size 148
Read 164 lines, Returning context of size 139
(test : failure with custom context lines) assert() begins with condition : false
(test : failure with custom context lines) dump info size : 0, source wanted : true
(test : failure with values)Added source context string of len : 139
(test : nil value test) assert() begins with condition : false
(test : nil value test) dump info size : 38, source wanted : true
Read 195 lines, Returning context of size 128
(test : empty values test : #3b307f49-c2d8-467b-b822-648fa12b66fd)Added source context string of len : 148
(test : failure with disabled source) assert() begins with condition : false
(test : failure with disabled source) dump info size : 0, source wanted : true
(test : odd values)Added source context string of len : 128
Read 125 lines, Returning context of size 107
Read 253 lines, Returning context of size 106
(test : basic failure message) dump info size : 0, source wanted : true
(test : failure with custom context lines)Added source context string of len : 107
(test : nil value test)Added source context string of len : 106
Read 87 lines, Returning context of size 102
Read 52 lines, Returning context of size 95
(test : failure with disabled source)Added source context string of len : 102
(test : basic failure message)Added source context string of len : 95
--- FAIL: TestConfig_DisableSourceContext (0.00s)
    assert_test.go:80: expected empty source context when disabled
(test : This should fail to get caller info) assert() begins with condition : false
(test : This should fail to get caller info) - could not get caller info
(test : this should not panic) assert() begins with condition : true
(test : failure with values) assert() begins with condition : false
(test : odd values) assert() begins with condition : false
(test : failure with values) dump info size : 115, source wanted : true
(test : odd values) dump info size : 60, source wanted : true
(test : nil value test) assert() begins with condition : false
(test : nil value test) dump info size : 38, source wanted : false
(test : basic failure message) assert() begins with condition : false
(test : basic failure message) dump info size : 0, source wanted : true
(test : empty values test : #d4204dd9-b7d4-4f8f-a14f-e99cfcfa88a5) assert() begins with condition : false
Read 195 lines, Returning context of size 128
(test : failure with custom context lines) assert() begins with condition : false
(test : failure with custom context lines) dump info size : 0, source wanted : true
(test : odd values)Added source context string of len : 128
Read 253 lines, Returning context of size 106
Read 164 lines, Returning context of size 139
(test : empty values test : #d4204dd9-b7d4-4f8f-a14f-e99cfcfa88a5) dump info size : 100, source wanted : true
(test : nil value test)Added source context string of len : 106
Read 52 lines, Returning context of size 95
(test : failure with disabled source) assert() begins with condition : false
(test : failure with disabled source) dump info size : 0, source wanted : true
(test : failure with values)Added source context string of len : 139
(test : basic failure message)Added source context string of len : 95
Read 125 lines, Returning context of size 107
Read 292 lines, Returning context of size 148
(test : failure with custom context lines)Added source context string of len : 107
(test : empty values test : #d4204dd9-b7d4-4f8f-a14f-e99cfcfa88a5)Added source context string of len : 148
Read 87 lines, Returning context of size 102
(test : failure with disabled source)Added source context string of len : 102
--- FAIL: TestConfig_DisableSourceContext (0.00s)
    assert_test.go:80: expected empty source context when disabled
(test : This should fail to get caller info) assert() begins with condition : false
(test : This should fail to get caller info) - could not get caller info
(test : this should not panic) assert() begins with condition : true
(test : empty values test : #c1a0f258-75d6-47c2-92de-fe27c6c180e2) assert() begins with condition : false
(test : empty values test : #c1a0f258-75d6-47c2-92de-fe27c6c180e2) dump info size : 100, source wanted : true
(test : failure with values) assert() begins with condition : false
(test : failure with values) dump info size : 115, source wanted : true
(test : nil value test) assert() begins with condition : false
(test : failure with custom context lines) assert() begins with condition : false
(test : basic failure message) assert() begins with condition : false
(test : nil value test) dump info size : 38, source wanted : true
(test : odd values) assert() begins with condition : false
(test : odd values) dump info size : 60, source wanted : true
(test : basic failure message) dump info size : 0, source wanted : true
Read 292 lines, Returning context of size 148
(test : failure with custom context lines) dump info size : 0, source wanted : true
(test : failure with disabled source) assert() begins with condition : false
(test : failure with disabled source) dump info size : 0, source wanted : true
Read 164 lines, Returning context of size 139
Read 195 lines, Returning context of size 128
Read 253 lines, Returning context of size 106
Read 125 lines, Returning context of size 107
Read 87 lines, Returning context of size 102
(test : failure with values)Added source context string of len : 139
(test : nil value test)Added source context string of len : 106
(test : failure with disabled source)Added source context string of len : 102
(test : odd values)Added source context string of len : 128
--- FAIL: TestConfig_DisableSourceContext (0.00s)
    assert_test.go:80: expected empty source context when disabled
(test : failure with custom context lines)Added source context string of len : 107
(test : empty values test : #c1a0f258-75d6-47c2-92de-fe27c6c180e2)Added source context string of len : 148
Read 52 lines, Returning context of size 95
(test : basic failure message)Added source context string of len : 95
(test : This should fail to get caller info) assert() begins with condition : false
(test : This should fail to get caller info) - could not get caller info
(test : this should not panic) assert() begins with condition : true
(test : empty values test : #dea435db-28df-4e48-b080-8e03620f4ef2) assert() begins with condition : false
(test : empty values test : #dea435db-28df-4e48-b080-8e03620f4ef2) dump info size : 100, source wanted : false
(test : failure with values) assert() begins with condition : false
(test : failure with values) dump info size : 115, source wanted : false
(test : basic failure message) assert() begins with condition : false
(test : basic failure message) dump info size : 0, source wanted : true
(test : nil value test) assert() begins with condition : false
(test : nil value test) dump info size : 38, source wanted : true
(test : odd values) assert() begins with condition : false
(test : odd values) dump info size : 60, source wanted : true
(test : failure with disabled source) assert() begins with condition : false
(test : failure with disabled source) dump info size : 0, source wanted : true
Read 52 lines, Returning context of size 95
(test : failure with custom context lines) assert() begins with condition : false
(test : failure with custom context lines) dump info size : 0, source wanted : true
Read 195 lines, Returning context of size 128
--- FAIL: TestAssert_EmptyValues (0.00s)
    assert_test.go:285: (#dea435db-28df-4e48-b080-8e03620f4ef2)expected non-empty source context. Its ''
Read 87 lines, Returning context of size 102
Read 164 lines, Returning context of size 139
(test : basic failure message)Added source context string of len : 95
Read 253 lines, Returning context of size 106
(test : failure with disabled source)Added source context string of len : 102
(test : nil value test)Added source context string of len : 106
(test : failure with values)Added source context string of len : 139
--- FAIL: TestConfig_DisableSourceContext (0.00s)
    assert_test.go:80: expected empty source context when disabled
Read 125 lines, Returning context of size 107
(test : failure with custom context lines)Added source context string of len : 107
(test : odd values)Added source context string of len : 128
(test : This should fail to get caller info) assert() begins with condition : false
(test : This should fail to get caller info) - could not get caller info
(test : this should not panic) assert() begins with condition : true
(test : empty values test : #0283a438-e58e-4278-ab80-f56be96a8dbb) assert() begins with condition : false
(test : failure with disabled source) assert() begins with condition : false
(test : odd values) assert() begins with condition : false
(test : failure with disabled source) dump info size : 0, source wanted : false
(test : odd values) dump info size : 60, source wanted : true
(test : empty values test : #0283a438-e58e-4278-ab80-f56be96a8dbb) dump info size : 100, source wanted : false
(test : basic failure message) assert() begins with condition : false
(test : basic failure message) dump info size : 0, source wanted : true
Read 87 lines, Returning context of size 102
Read 195 lines, Returning context of size 128
(test : failure with custom context lines) assert() begins with condition : false
(test : failure with custom context lines) dump info size : 0, source wanted : true
(test : nil value test) assert() begins with condition : false
(test : nil value test) dump info size : 38, source wanted : true
Read 52 lines, Returning context of size 95
Read 292 lines, Returning context of size 148
(test : failure with values) assert() begins with condition : false
(test : failure with values) dump info size : 115, source wanted : true
(test : failure with disabled source)Added source context string of len : 102
(test : empty values test : #0283a438-e58e-4278-ab80-f56be96a8dbb)Added source context string of len : 148
(test : basic failure message)Added source context string of len : 95
--- FAIL: TestConfig_DisableSourceContext (0.00s)
    assert_test.go:80: expected empty source context when disabled
Read 125 lines, Returning context of size 107
Read 253 lines, Returning context of size 106
Read 164 lines, Returning context of size 139
(test : failure with custom context lines)Added source context string of len : 107
(test : odd values)Added source context string of len : 128
(test : nil value test)Added source context string of len : 106
(test : failure with values)Added source context string of len : 139
(test : This should fail to get caller info) assert() begins with condition : false
(test : This should fail to get caller info) - could not get caller info
(test : this should not panic) assert() begins with condition : true
(test : empty values test : #e595fa6e-ee63-4455-a90f-2e02160d2a64) assert() begins with condition : false
(test : empty values test : #e595fa6e-ee63-4455-a90f-2e02160d2a64) dump info size : 100, source wanted : false
(test : failure with values) assert() begins with condition : false
(test : failure with values) dump info size : 115, source wanted : false
--- FAIL: TestAssert_EmptyValues (0.00s)
    assert_test.go:285: (#e595fa6e-ee63-4455-a90f-2e02160d2a64)expected non-empty source context. Its ''
(test : failure with disabled source) assert() begins with condition : false
(test : failure with disabled source) dump info size : 0, source wanted : false
(test : nil value test) assert() begins with condition : false
(test : failure with custom context lines) assert() begins with condition : false
(test : failure with custom context lines) dump info size : 0, source wanted : true
(test : nil value test) dump info size : 38, source wanted : true
(test : odd values) assert() begins with condition : false
(test : odd values) dump info size : 60, source wanted : true
(test : basic failure message) assert() begins with condition : false
(test : basic failure message) dump info size : 0, source wanted : true
Read 125 lines, Returning context of size 107
--- FAIL: TestAssert_WithValues (0.00s)
    assert_test.go:157: expected source context to contain the failing assertion
Read 253 lines, Returning context of size 106
(test : failure with custom context lines)Added source context string of len : 107
Read 52 lines, Returning context of size 95
(test : nil value test)Added source context string of len : 106
Read 195 lines, Returning context of size 128
(test : basic failure message)Added source context string of len : 95
(test : odd values)Added source context string of len : 128
FAIL
FAIL	github.com/nikoksr/assert-go	1.010s
FAIL
